Archive member included to satisfy reference by file (symbol)

/Applications/STM32CubeIDE.app/Contents/Eclipse/plugins/com.st.stm32cube.ide.mcu.externaltools.gnu-tools-for-stm32.10.3-2021.10.macos64_1.0.0.202111181127/tools/bin/../lib/gcc/arm-none-eabi/10.3.1/../../../../arm-none-eabi/lib/thumb/v7e-m+fp/hard/libc_nano.a(lib_a-exit.o)
                              /Applications/STM32CubeIDE.app/Contents/Eclipse/plugins/com.st.stm32cube.ide.mcu.externaltools.gnu-tools-for-stm32.10.3-2021.10.macos64_1.0.0.202111181127/tools/bin/../lib/gcc/arm-none-eabi/10.3.1/../../../../arm-none-eabi/lib/thumb/v7e-m+fp/hard/crt0.o (exit)
/Applications/STM32CubeIDE.app/Contents/Eclipse/plugins/com.st.stm32cube.ide.mcu.externaltools.gnu-tools-for-stm32.10.3-2021.10.macos64_1.0.0.202111181127/tools/bin/../lib/gcc/arm-none-eabi/10.3.1/../../../../arm-none-eabi/lib/thumb/v7e-m+fp/hard/libc_nano.a(lib_a-impure.o)
                              /Applications/STM32CubeIDE.app/Contents/Eclipse/plugins/com.st.stm32cube.ide.mcu.externaltools.gnu-tools-for-stm32.10.3-2021.10.macos64_1.0.0.202111181127/tools/bin/../lib/gcc/arm-none-eabi/10.3.1/../../../../arm-none-eabi/lib/thumb/v7e-m+fp/hard/libc_nano.a(lib_a-exit.o) (_global_impure_ptr)
/Applications/STM32CubeIDE.app/Contents/Eclipse/plugins/com.st.stm32cube.ide.mcu.externaltools.gnu-tools-for-stm32.10.3-2021.10.macos64_1.0.0.202111181127/tools/bin/../lib/gcc/arm-none-eabi/10.3.1/../../../../arm-none-eabi/lib/thumb/v7e-m+fp/hard/libc_nano.a(lib_a-init.o)
                              /Applications/STM32CubeIDE.app/Contents/Eclipse/plugins/com.st.stm32cube.ide.mcu.externaltools.gnu-tools-for-stm32.10.3-2021.10.macos64_1.0.0.202111181127/tools/bin/../lib/gcc/arm-none-eabi/10.3.1/../../../../arm-none-eabi/lib/thumb/v7e-m+fp/hard/crt0.o (__libc_init_array)
/Applications/STM32CubeIDE.app/Contents/Eclipse/plugins/com.st.stm32cube.ide.mcu.externaltools.gnu-tools-for-stm32.10.3-2021.10.macos64_1.0.0.202111181127/tools/bin/../lib/gcc/arm-none-eabi/10.3.1/../../../../arm-none-eabi/lib/thumb/v7e-m+fp/hard/libc_nano.a(lib_a-memset.o)
                              /Applications/STM32CubeIDE.app/Contents/Eclipse/plugins/com.st.stm32cube.ide.mcu.externaltools.gnu-tools-for-stm32.10.3-2021.10.macos64_1.0.0.202111181127/tools/bin/../lib/gcc/arm-none-eabi/10.3.1/../../../../arm-none-eabi/lib/thumb/v7e-m+fp/hard/crt0.o (memset)
/Applications/STM32CubeIDE.app/Contents/Eclipse/plugins/com.st.stm32cube.ide.mcu.externaltools.gnu-tools-for-stm32.10.3-2021.10.macos64_1.0.0.202111181127/tools/bin/../lib/gcc/arm-none-eabi/10.3.1/thumb/v7e-m+fp/hard/libgcc.a(_aeabi_ldivmod.o)
                              ./Drivers/STM32F4xx_HAL_Driver/stm32f4xx_hal_rcc.o (__aeabi_ldivmod)
/Applications/STM32CubeIDE.app/Contents/Eclipse/plugins/com.st.stm32cube.ide.mcu.externaltools.gnu-tools-for-stm32.10.3-2021.10.macos64_1.0.0.202111181127/tools/bin/../lib/gcc/arm-none-eabi/10.3.1/thumb/v7e-m+fp/hard/libgcc.a(_aeabi_uldivmod.o)
                              ./Drivers/STM32F4xx_HAL_Driver/stm32f4xx_hal_rcc.o (__aeabi_uldivmod)
/Applications/STM32CubeIDE.app/Contents/Eclipse/plugins/com.st.stm32cube.ide.mcu.externaltools.gnu-tools-for-stm32.10.3-2021.10.macos64_1.0.0.202111181127/tools/bin/../lib/gcc/arm-none-eabi/10.3.1/thumb/v7e-m+fp/hard/libgcc.a(_udivmoddi4.o)
                              /Applications/STM32CubeIDE.app/Contents/Eclipse/plugins/com.st.stm32cube.ide.mcu.externaltools.gnu-tools-for-stm32.10.3-2021.10.macos64_1.0.0.202111181127/tools/bin/../lib/gcc/arm-none-eabi/10.3.1/thumb/v7e-m+fp/hard/libgcc.a(_aeabi_ldivmod.o) (__udivmoddi4)
/Applications/STM32CubeIDE.app/Contents/Eclipse/plugins/com.st.stm32cube.ide.mcu.externaltools.gnu-tools-for-stm32.10.3-2021.10.macos64_1.0.0.202111181127/tools/bin/../lib/gcc/arm-none-eabi/10.3.1/thumb/v7e-m+fp/hard/libgcc.a(_dvmd_tls.o)
                              /Applications/STM32CubeIDE.app/Contents/Eclipse/plugins/com.st.stm32cube.ide.mcu.externaltools.gnu-tools-for-stm32.10.3-2021.10.macos64_1.0.0.202111181127/tools/bin/../lib/gcc/arm-none-eabi/10.3.1/thumb/v7e-m+fp/hard/libgcc.a(_aeabi_ldivmod.o) (__aeabi_ldiv0)
/Applications/STM32CubeIDE.app/Contents/Eclipse/plugins/com.st.stm32cube.ide.mcu.externaltools.gnu-tools-for-stm32.10.3-2021.10.macos64_1.0.0.202111181127/tools/bin/../lib/gcc/arm-none-eabi/10.3.1/../../../../arm-none-eabi/lib/thumb/v7e-m+fp/hard/libnosys.a(_exit.o)
                              /Applications/STM32CubeIDE.app/Contents/Eclipse/plugins/com.st.stm32cube.ide.mcu.externaltools.gnu-tools-for-stm32.10.3-2021.10.macos64_1.0.0.202111181127/tools/bin/../lib/gcc/arm-none-eabi/10.3.1/../../../../arm-none-eabi/lib/thumb/v7e-m+fp/hard/libc_nano.a(lib_a-exit.o) (_exit)

Discarded input sections

 .text          0x0000000000000000        0x0 /Applications/STM32CubeIDE.app/Contents/Eclipse/plugins/com.st.stm32cube.ide.mcu.externaltools.gnu-tools-for-stm32.10.3-2021.10.macos64_1.0.0.202111181127/tools/bin/../lib/gcc/arm-none-eabi/10.3.1/thumb/v7e-m+fp/hard/crti.o
[...]
Memory Configuration

Name             Origin             Length             Attributes
FLASH            0x0000000008000000 0x0000000000200000 xr
RAM              0x0000000020000000 0x0000000000050000 xrw
CCMRAM           0x0000000010000000 0x0000000000010000 rw
*default*        0x0000000000000000 0xffffffffffffffff

Linker script and memory map

LOAD /Applications/STM32CubeIDE.app/Contents/Eclipse/plugins/com.st.stm32cube.ide.mcu.externaltools.gnu-tools-for-stm32.10.3-2021.10.macos64_1.0.0.202111181127/tools/bin/../lib/gcc/arm-none-eabi/10.3.1/thumb/v7e-m+fp/hard/crti.o
LOAD /Applications/STM32CubeIDE.app/Contents/Eclipse/plugins/com.st.stm32cube.ide.mcu.externaltools.gnu-tools-for-stm32.10.3-2021.10.macos64_1.0.0.202111181127/tools/bin/../lib/gcc/arm-none-eabi/10.3.1/thumb/v7e-m+fp/hard/crtbegin.o
LOAD /Applications/STM32CubeIDE.app/Contents/Eclipse/plugins/com.st.stm32cube.ide.mcu.externaltools.gnu-tools-for-stm32.10.3-2021.10.macos64_1.0.0.202111181127/tools/bin/../lib/gcc/arm-none-eabi/10.3.1/../../../../arm-none-eabi/lib/thumb/v7e-m+fp/hard/crt0.o
LOAD ./Drivers/BSP/Components/nt35510.o
LOAD ./Drivers/BSP/Components/otm8009a.o
LOAD ./Drivers/BSP/STM32469I-Discovery/stm32469i_discovery.o
LOAD ./Drivers/BSP/STM32469I-Discovery/stm32469i_discovery_lcd.o
LOAD ./Drivers/BSP/STM32469I-Discovery/stm32469i_discovery_qspi.o
LOAD ./Drivers/BSP/STM32469I-Discovery/stm32469i_discovery_sdram.o
LOAD ./Drivers/CMSIS/system_stm32f4xx.o
LOAD ./Drivers/STM32F4xx_HAL_Driver/stm32f4xx_hal.o
LOAD ./Drivers/STM32F4xx_HAL_Driver/stm32f4xx_hal_cortex.o
LOAD ./Drivers/STM32F4xx_HAL_Driver/stm32f4xx_hal_dma.o
LOAD ./Drivers/STM32F4xx_HAL_Driver/stm32f4xx_hal_dma2d.o
LOAD ./Drivers/STM32F4xx_HAL_Driver/stm32f4xx_hal_dsi.o
LOAD ./Drivers/STM32F4xx_HAL_Driver/stm32f4xx_hal_gpio.o
LOAD ./Drivers/STM32F4xx_HAL_Driver/stm32f4xx_hal_i2c.o
LOAD ./Drivers/STM32F4xx_HAL_Driver/stm32f4xx_hal_i2c_ex.o
LOAD ./Drivers/STM32F4xx_HAL_Driver/stm32f4xx_hal_ltdc.o
LOAD ./Drivers/STM32F4xx_HAL_Driver/stm32f4xx_hal_ltdc_ex.o
LOAD ./Drivers/STM32F4xx_HAL_Driver/stm32f4xx_hal_pwr.o
LOAD ./Drivers/STM32F4xx_HAL_Driver/stm32f4xx_hal_pwr_ex.o
LOAD ./Drivers/STM32F4xx_HAL_Driver/stm32f4xx_hal_qspi.o
LOAD ./Drivers/STM32F4xx_HAL_Driver/stm32f4xx_hal_rcc.o
LOAD ./Drivers/STM32F4xx_HAL_Driver/stm32f4xx_hal_rcc_ex.o
LOAD ./Drivers/STM32F4xx_HAL_Driver/stm32f4xx_hal_sdram.o
LOAD ./Drivers/STM32F4xx_HAL_Driver/stm32f4xx_hal_sram.o
LOAD ./Drivers/STM32F4xx_HAL_Driver/stm32f4xx_hal_uart.o
LOAD ./Drivers/STM32F4xx_HAL_Driver/stm32f4xx_ll_fmc.o
LOAD ./Example/SW4STM32/startup_stm32f469xx.o
LOAD ./Example/User/main.o
LOAD ./Example/User/stm32f4xx_hal_msp.o
LOAD ./Example/User/stm32f4xx_it.o
START GROUP
LOAD /Applications/STM32CubeIDE.app/Contents/Eclipse/plugins/com.st.stm32cube.ide.mcu.externaltools.gnu-tools-for-stm32.10.3-2021.10.macos64_1.0.0.202111181127/tools/bin/../lib/gcc/arm-none-eabi/10.3.1/../../../../arm-none-eabi/lib/thumb/v7e-m+fp/hard/libc_nano.a
LOAD /Applications/STM32CubeIDE.app/Contents/Eclipse/plugins/com.st.stm32cube.ide.mcu.externaltools.gnu-tools-for-stm32.10.3-2021.10.macos64_1.0.0.202111181127/tools/bin/../lib/gcc/arm-none-eabi/10.3.1/../../../../arm-none-eabi/lib/thumb/v7e-m+fp/hard/libm.a
END GROUP
START GROUP
LOAD /Applications/STM32CubeIDE.app/Contents/Eclipse/plugins/com.st.stm32cube.ide.mcu.externaltools.gnu-tools-for-stm32.10.3-2021.10.macos64_1.0.0.202111181127/tools/bin/../lib/gcc/arm-none-eabi/10.3.1/thumb/v7e-m+fp/hard/libgcc.a
LOAD /Applications/STM32CubeIDE.app/Contents/Eclipse/plugins/com.st.stm32cube.ide.mcu.externaltools.gnu-tools-for-stm32.10.3-2021.10.macos64_1.0.0.202111181127/tools/bin/../lib/gcc/arm-none-eabi/10.3.1/../../../../arm-none-eabi/lib/thumb/v7e-m+fp/hard/libc_nano.a
END GROUP
START GROUP
LOAD /Applications/STM32CubeIDE.app/Contents/Eclipse/plugins/com.st.stm32cube.ide.mcu.externaltools.gnu-tools-for-stm32.10.3-2021.10.macos64_1.0.0.202111181127/tools/bin/../lib/gcc/arm-none-eabi/10.3.1/thumb/v7e-m+fp/hard/libgcc.a
LOAD /Applications/STM32CubeIDE.app/Contents/Eclipse/plugins/com.st.stm32cube.ide.mcu.externaltools.gnu-tools-for-stm32.10.3-2021.10.macos64_1.0.0.202111181127/tools/bin/../lib/gcc/arm-none-eabi/10.3.1/../../../../arm-none-eabi/lib/thumb/v7e-m+fp/hard/libc_nano.a
LOAD /Applications/STM32CubeIDE.app/Contents/Eclipse/plugins/com.st.stm32cube.ide.mcu.externaltools.gnu-tools-for-stm32.10.3-2021.10.macos64_1.0.0.202111181127/tools/bin/../lib/gcc/arm-none-eabi/10.3.1/../../../../arm-none-eabi/lib/thumb/v7e-m+fp/hard/libnosys.a
END GROUP
START GROUP
LOAD /Applications/STM32CubeIDE.app/Contents/Eclipse/plugins/com.st.stm32cube.ide.mcu.externaltools.gnu-tools-for-stm32.10.3-2021.10.macos64_1.0.0.202111181127/tools/bin/../lib/gcc/arm-none-eabi/10.3.1/thumb/v7e-m+fp/hard/libgcc.a
LOAD /Applications/STM32CubeIDE.app/Contents/Eclipse/plugins/com.st.stm32cube.ide.mcu.externaltools.gnu-tools-for-stm32.10.3-2021.10.macos64_1.0.0.202111181127/tools/bin/../lib/gcc/arm-none-eabi/10.3.1/../../../../arm-none-eabi/lib/thumb/v7e-m+fp/hard/libc_nano.a
LOAD /Applications/STM32CubeIDE.app/Contents/Eclipse/plugins/com.st.stm32cube.ide.mcu.externaltools.gnu-tools-for-stm32.10.3-2021.10.macos64_1.0.0.202111181127/tools/bin/../lib/gcc/arm-none-eabi/10.3.1/../../../../arm-none-eabi/lib/thumb/v7e-m+fp/hard/libnosys.a
END GROUP
LOAD /Applications/STM32CubeIDE.app/Contents/Eclipse/plugins/com.st.stm32cube.ide.mcu.externaltools.gnu-tools-for-stm32.10.3-2021.10.macos64_1.0.0.202111181127/tools/bin/../lib/gcc/arm-none-eabi/10.3.1/thumb/v7e-m+fp/hard/crtend.o
LOAD /Applications/STM32CubeIDE.app/Contents/Eclipse/plugins/com.st.stm32cube.ide.mcu.externaltools.gnu-tools-for-stm32.10.3-2021.10.macos64_1.0.0.202111181127/tools/bin/../lib/gcc/arm-none-eabi/10.3.1/thumb/v7e-m+fp/hard/crtn.o
                0x0000000020050000                _estack = 0x20050000
                0x0000000000000200                _Min_Heap_Size = 0x200
                0x0000000000000400                _Min_Stack_Size = 0x400

.isr_vector     0x0000000008000000      0x1b4
                0x0000000008000000                . = ALIGN (0x4)
 *(.isr_vector)
 .isr_vector    0x0000000008000000      0x1b4 ./Example/SW4STM32/startup_stm32f469xx.o
                0x0000000008000000                g_pfnVectors
                0x00000000080001b4                . = ALIGN (0x4)

.text           0x00000000080001b4     0x2d10
                0x00000000080001b4                . = ALIGN (0x4)
 *(.text)
 .text          0x00000000080001b4       0x40 /Applications/STM32CubeIDE.app/Contents/Eclipse/plugins/com.st.stm32cube.ide.mcu.externaltools.gnu-tools-for-stm32.10.3-2021.10.macos64_1.0.0.202111181127/tools/bin/../lib/gcc/arm-none-eabi/10.3.1/thumb/v7e-m+fp/hard/crtbegin.o
 .text          0x00000000080001f4       0x30 /Applications/STM32CubeIDE.app/Contents/Eclipse/plugins/com.st.stm32cube.ide.mcu.externaltools.gnu-tools-for-stm32.10.3-2021.10.macos64_1.0.0.202111181127/tools/bin/../lib/gcc/arm-none-eabi/10.3.1/thumb/v7e-m+fp/hard/libgcc.a(_aeabi_uldivmod.o)
                0x00000000080001f4                __aeabi_uldivmod
 .text          0x0000000008000224      0x2d0 /Applications/STM32CubeIDE.app/Contents/Eclipse/plugins/com.st.stm32cube.ide.mcu.externaltools.gnu-tools-for-stm32.10.3-2021.10.macos64_1.0.0.202111181127/tools/bin/../lib/gcc/arm-none-eabi/10.3.1/thumb/v7e-m+fp/hard/libgcc.a(_udivmoddi4.o)
                0x0000000008000224                __udivmoddi4
 .text          0x00000000080004f4        0x4 /Applications/STM32CubeIDE.app/Contents/Eclipse/plugins/com.st.stm32cube.ide.mcu.externaltools.gnu-tools-for-stm32.10.3-2021.10.macos64_1.0.0.202111181127/tools/bin/../lib/gcc/arm-none-eabi/10.3.1/thumb/v7e-m+fp/hard/libgcc.a(_dvmd_tls.o)
                0x00000000080004f4                __aeabi_ldiv0
                0x00000000080004f4                __aeabi_idiv0
 *(.text*)
 .text.NT35510_Init
                0x00000000080004f8      0x2d8 ./Drivers/BSP/Components/nt35510.o
                0x00000000080004f8                NT35510_Init
 .text.BSP_LED_On
                0x00000000080007d0       0x28 ./Drivers/BSP/STM32469I-Discovery/stm32469i_discovery.o
                0x00000000080007d0                BSP_LED_On
 .text.NT35510_IO_Delay
                0x00000000080007f8        0x4 ./Drivers/BSP/STM32469I-Discovery/stm32469i_discovery.o
                0x00000000080007f8                NT35510_IO_Delay
 .text.LL_FillBuffer
                0x00000000080007fc       0x64 ./Drivers/BSP/STM32469I-Discovery/stm32469i_discovery_lcd.o
 .text.BSP_LCD_Reset
                0x0000000008000860       0x60 ./Drivers/BSP/STM32469I-Discovery/stm32469i_discovery_lcd.o
                0x0000000008000860                BSP_LCD_Reset
 .text.BSP_LCD_LayerDefaultInit
                0x00000000080008c0       0x6c ./Drivers/BSP/STM32469I-Discovery/stm32469i_discovery_lcd.o
                0x00000000080008c0                BSP_LCD_LayerDefaultInit
 .text.BSP_LCD_SelectLayer
                0x000000000800092c        0xc ./Drivers/BSP/STM32469I-Discovery/stm32469i_discovery_lcd.o
                0x000000000800092c                BSP_LCD_SelectLayer
 .text.BSP_LCD_SetTextColor
                0x0000000008000938       0x18 ./Drivers/BSP/STM32469I-Discovery/stm32469i_discovery_lcd.o
                0x0000000008000938                BSP_LCD_SetTextColor
 .text.BSP_LCD_SetBackColor
                0x0000000008000950       0x18 ./Drivers/BSP/STM32469I-Discovery/stm32469i_discovery_lcd.o
                0x0000000008000950                BSP_LCD_SetBackColor
 .text.BSP_LCD_SetFont
                0x0000000008000968       0x18 ./Drivers/BSP/STM32469I-Discovery/stm32469i_discovery_lcd.o
                0x0000000008000968                BSP_LCD_SetFont
 .text.BSP_LCD_GetFont
                0x0000000008000980       0x18 ./Drivers/BSP/STM32469I-Discovery/stm32469i_discovery_lcd.o
                0x0000000008000980                BSP_LCD_GetFont
 .text.BSP_LCD_Clear
                0x0000000008000998       0x30 ./Drivers/BSP/STM32469I-Discovery/stm32469i_discovery_lcd.o
                0x0000000008000998                BSP_LCD_Clear
 .text.BSP_LCD_FillRect
                0x00000000080009c8       0x5c ./Drivers/BSP/STM32469I-Discovery/stm32469i_discovery_lcd.o
                0x00000000080009c8                BSP_LCD_FillRect
 .text.DSI_IO_WriteCmd
                0x0000000008000a24       0x34 ./Drivers/BSP/STM32469I-Discovery/stm32469i_discovery_lcd.o
                0x0000000008000a24                DSI_IO_WriteCmd
 .text.BSP_LCD_MspInit
                0x0000000008000a58       0xac ./Drivers/BSP/STM32469I-Discovery/stm32469i_discovery_lcd.o
                0x0000000008000a58                BSP_LCD_MspInit
 .text.BSP_LCD_InitEx
                0x0000000008000b04      0x1a8 ./Drivers/BSP/STM32469I-Discovery/stm32469i_discovery_lcd.o
                0x0000000008000b04                BSP_LCD_InitEx
 .text.BSP_LCD_Init
                0x0000000008000cac        0x6 ./Drivers/BSP/STM32469I-Discovery/stm32469i_discovery_lcd.o
                0x0000000008000cac                BSP_LCD_Init
 *fill*         0x0000000008000cb2        0x2 
 .text.BSP_LCD_DrawPixel
                0x0000000008000cb4       0x28 ./Drivers/BSP/STM32469I-Discovery/stm32469i_discovery_lcd.o
                0x0000000008000cb4                BSP_LCD_DrawPixel
 .text.BSP_LCD_DisplayChar
                0x0000000008000cdc       0xbc ./Drivers/BSP/STM32469I-Discovery/stm32469i_discovery_lcd.o
                0x0000000008000cdc                BSP_LCD_DisplayChar
 .text.BSP_LCD_DisplayStringAt
                0x0000000008000d98       0xa8 ./Drivers/BSP/STM32469I-Discovery/stm32469i_discovery_lcd.o
                0x0000000008000d98                BSP_LCD_DisplayStringAt
 .text.BSP_LCD_DisplayStringAtLine
                0x0000000008000e40       0x22 ./Drivers/BSP/STM32469I-Discovery/stm32469i_discovery_lcd.o
                0x0000000008000e40                BSP_LCD_DisplayStringAtLine
 *fill*         0x0000000008000e62        0x2 
 .text.BSP_SDRAM_Initialization_sequence
                0x0000000008000e64       0x90 ./Drivers/BSP/STM32469I-Discovery/stm32469i_discovery_sdram.o
                0x0000000008000e64                BSP_SDRAM_Initialization_sequence
 .text.BSP_SDRAM_MspInit
                0x0000000008000ef4      0x1b8 ./Drivers/BSP/STM32469I-Discovery/stm32469i_discovery_sdram.o
                0x0000000008000ef4                BSP_SDRAM_MspInit
 .text.BSP_SDRAM_Init
                0x00000000080010ac       0x7c ./Drivers/BSP/STM32469I-Discovery/stm32469i_discovery_sdram.o
                0x00000000080010ac                BSP_SDRAM_Init
 .text.SystemInit
                0x0000000008001128       0x4c ./Drivers/CMSIS/system_stm32f4xx.o
                0x0000000008001128                SystemInit
 .text.HAL_MspInit
                0x0000000008001174        0x2 ./Drivers/STM32F4xx_HAL_Driver/stm32f4xx_hal.o
                0x0000000008001174                HAL_MspInit
 *fill*         0x0000000008001176        0x2 
 .text.HAL_InitTick
                0x0000000008001178       0x44 ./Drivers/STM32F4xx_HAL_Driver/stm32f4xx_hal.o
                0x0000000008001178                HAL_InitTick
 .text.HAL_Init
                0x00000000080011bc       0x34 ./Drivers/STM32F4xx_HAL_Driver/stm32f4xx_hal.o
                0x00000000080011bc                HAL_Init
 .text.HAL_IncTick
                0x00000000080011f0       0x18 ./Drivers/STM32F4xx_HAL_Driver/stm32f4xx_hal.o
                0x00000000080011f0                HAL_IncTick
 .text.HAL_GetTick
                0x0000000008001208        0xc ./Drivers/STM32F4xx_HAL_Driver/stm32f4xx_hal.o
                0x0000000008001208                HAL_GetTick
 .text.HAL_Delay
                0x0000000008001214       0x28 ./Drivers/STM32F4xx_HAL_Driver/stm32f4xx_hal.o
                0x0000000008001214                HAL_Delay
 .text.HAL_NVIC_SetPriorityGrouping
                0x000000000800123c       0x24 ./Drivers/STM32F4xx_HAL_Driver/stm32f4xx_hal_cortex.o
                0x000000000800123c                HAL_NVIC_SetPriorityGrouping
 .text.HAL_NVIC_SetPriority
                0x0000000008001260       0x64 ./Drivers/STM32F4xx_HAL_Driver/stm32f4xx_hal_cortex.o
                0x0000000008001260                HAL_NVIC_SetPriority
 .text.HAL_NVIC_EnableIRQ
                0x00000000080012c4       0x1c ./Drivers/STM32F4xx_HAL_Driver/stm32f4xx_hal_cortex.o
                0x00000000080012c4                HAL_NVIC_EnableIRQ
 .text.HAL_SYSTICK_Config
                0x00000000080012e0       0x28 ./Drivers/STM32F4xx_HAL_Driver/stm32f4xx_hal_cortex.o
                0x00000000080012e0                HAL_SYSTICK_Config
 .text.DMA_CalcBaseAndBitshift
                0x0000000008001308       0x2c ./Drivers/STM32F4xx_HAL_Driver/stm32f4xx_hal_dma.o
 .text.HAL_DMA_Init
                0x0000000008001334      0x100 ./Drivers/STM32F4xx_HAL_Driver/stm32f4xx_hal_dma.o
                0x0000000008001334                HAL_DMA_Init
 .text.HAL_DMA_DeInit
                0x0000000008001434       0x54 ./Drivers/STM32F4xx_HAL_Driver/stm32f4xx_hal_dma.o
                0x0000000008001434                HAL_DMA_DeInit
 .text.DMA2D_SetConfig
                0x0000000008001488       0x84 ./Drivers/STM32F4xx_HAL_Driver/stm32f4xx_hal_dma2d.o
 .text.HAL_DMA2D_MspInit
                0x000000000800150c        0x2 ./Drivers/STM32F4xx_HAL_Driver/stm32f4xx_hal_dma2d.o
                0x000000000800150c                HAL_DMA2D_MspInit
 .text.HAL_DMA2D_Init
                0x000000000800150e       0x58 ./Drivers/STM32F4xx_HAL_Driver/stm32f4xx_hal_dma2d.o
                0x000000000800150e                HAL_DMA2D_Init
 .text.HAL_DMA2D_Start
                0x0000000008001566       0x34 ./Drivers/STM32F4xx_HAL_Driver/stm32f4xx_hal_dma2d.o
                0x0000000008001566                HAL_DMA2D_Start
 .text.HAL_DMA2D_PollForTransfer
                0x000000000800159a      0x102 ./Drivers/STM32F4xx_HAL_Driver/stm32f4xx_hal_dma2d.o
                0x000000000800159a                HAL_DMA2D_PollForTransfer
 .text.HAL_DMA2D_ConfigLayer
                0x000000000800169c       0x88 ./Drivers/STM32F4xx_HAL_Driver/stm32f4xx_hal_dma2d.o
                0x000000000800169c                HAL_DMA2D_ConfigLayer
 .text.DSI_ShortWrite
                0x0000000008001724       0x42 ./Drivers/STM32F4xx_HAL_Driver/stm32f4xx_hal_dsi.o
 .text.HAL_DSI_MspInit
                0x0000000008001766        0x2 ./Drivers/STM32F4xx_HAL_Driver/stm32f4xx_hal_dsi.o
                0x0000000008001766                HAL_DSI_MspInit
 .text.HAL_DSI_Init
                0x0000000008001768      0x168 ./Drivers/STM32F4xx_HAL_Driver/stm32f4xx_hal_dsi.o
                0x0000000008001768                HAL_DSI_Init
 .text.HAL_DSI_MspDeInit
                0x00000000080018d0        0x2 ./Drivers/STM32F4xx_HAL_Driver/stm32f4xx_hal_dsi.o
                0x00000000080018d0                HAL_DSI_MspDeInit
 .text.HAL_DSI_DeInit
                0x00000000080018d2       0x94 ./Drivers/STM32F4xx_HAL_Driver/stm32f4xx_hal_dsi.o
                0x00000000080018d2                HAL_DSI_DeInit
 *fill*         0x0000000008001966        0x2 
 .text.HAL_DSI_ConfigVideoMode
                0x0000000008001968      0x1f8 ./Drivers/STM32F4xx_HAL_Driver/stm32f4xx_hal_dsi.o
                0x0000000008001968                HAL_DSI_ConfigVideoMode
 .text.HAL_DSI_ConfigPhyTimer
                0x0000000008001b60       0x78 ./Drivers/STM32F4xx_HAL_Driver/stm32f4xx_hal_dsi.o
                0x0000000008001b60                HAL_DSI_ConfigPhyTimer
 .text.HAL_DSI_Start
                0x0000000008001bd8       0x46 ./Drivers/STM32F4xx_HAL_Driver/stm32f4xx_hal_dsi.o
                0x0000000008001bd8                HAL_DSI_Start
 .text.HAL_DSI_ShortWrite
                0x0000000008001c1e       0x22 ./Drivers/STM32F4xx_HAL_Driver/stm32f4xx_hal_dsi.o
                0x0000000008001c1e                HAL_DSI_ShortWrite
 .text.HAL_DSI_LongWrite
                0x0000000008001c40       0xc2 ./Drivers/STM32F4xx_HAL_Driver/stm32f4xx_hal_dsi.o
                0x0000000008001c40                HAL_DSI_LongWrite
 *fill*         0x0000000008001d02        0x2 
 .text.HAL_GPIO_Init
                0x0000000008001d04      0x1cc ./Drivers/STM32F4xx_HAL_Driver/stm32f4xx_hal_gpio.o
                0x0000000008001d04                HAL_GPIO_Init
 .text.HAL_GPIO_WritePin
                0x0000000008001ed0        0xa ./Drivers/STM32F4xx_HAL_Driver/stm32f4xx_hal_gpio.o
                0x0000000008001ed0                HAL_GPIO_WritePin
 .text.LTDC_SetConfig
                0x0000000008001eda      0x10c ./Drivers/STM32F4xx_HAL_Driver/stm32f4xx_hal_ltdc.o
 .text.HAL_LTDC_MspInit
                0x0000000008001fe6        0x2 ./Drivers/STM32F4xx_HAL_Driver/stm32f4xx_hal_ltdc.o
                0x0000000008001fe6                HAL_LTDC_MspInit
 .text.HAL_LTDC_Init
                0x0000000008001fe8       0xd8 ./Drivers/STM32F4xx_HAL_Driver/stm32f4xx_hal_ltdc.o
                0x0000000008001fe8                HAL_LTDC_Init
 .text.HAL_LTDC_ErrorCallback
                0x00000000080020c0        0x2 ./Drivers/STM32F4xx_HAL_Driver/stm32f4xx_hal_ltdc.o
                0x00000000080020c0                HAL_LTDC_ErrorCallback
 .text.HAL_LTDC_LineEventCallback
                0x00000000080020c2        0x2 ./Drivers/STM32F4xx_HAL_Driver/stm32f4xx_hal_ltdc.o
                0x00000000080020c2                HAL_LTDC_LineEventCallback
 .text.HAL_LTDC_ReloadEventCallback
                0x00000000080020c4        0x2 ./Drivers/STM32F4xx_HAL_Driver/stm32f4xx_hal_ltdc.o
                0x00000000080020c4                HAL_LTDC_ReloadEventCallback
 .text.HAL_LTDC_IRQHandler
                0x00000000080020c6       0xba ./Drivers/STM32F4xx_HAL_Driver/stm32f4xx_hal_ltdc.o
                0x00000000080020c6                HAL_LTDC_IRQHandler
 .text.HAL_LTDC_ConfigLayer
                0x0000000008002180       0x5a ./Drivers/STM32F4xx_HAL_Driver/stm32f4xx_hal_ltdc.o
                0x0000000008002180                HAL_LTDC_ConfigLayer
 .text.HAL_LTDCEx_StructInitFromVideoConfig
                0x00000000080021da       0x4a ./Drivers/STM32F4xx_HAL_Driver/stm32f4xx_hal_ltdc_ex.o
                0x00000000080021da                HAL_LTDCEx_StructInitFromVideoConfig
 .text.HAL_PWREx_EnableOverDrive
                0x0000000008002224       0x74 ./Drivers/STM32F4xx_HAL_Driver/stm32f4xx_hal_pwr_ex.o
                0x0000000008002224                HAL_PWREx_EnableOverDrive
 .text.HAL_RCC_GetSysClockFreq
                0x0000000008002298       0x5c ./Drivers/STM32F4xx_HAL_Driver/stm32f4xx_hal_rcc.o
                0x0000000008002298                HAL_RCC_GetSysClockFreq
 .text.HAL_RCC_ClockConfig
                0x00000000080022f4      0x138 ./Drivers/STM32F4xx_HAL_Driver/stm32f4xx_hal_rcc.o
                0x00000000080022f4                HAL_RCC_ClockConfig
 .text.HAL_RCCEx_PeriphCLKConfig
                0x000000000800242c      0x2c4 ./Drivers/STM32F4xx_HAL_Driver/stm32f4xx_hal_rcc_ex.o
                0x000000000800242c                HAL_RCCEx_PeriphCLKConfig
 .text.HAL_RCC_OscConfig
                0x00000000080026f0      0x374 ./Drivers/STM32F4xx_HAL_Driver/stm32f4xx_hal_rcc_ex.o
                0x00000000080026f0                HAL_RCC_OscConfig
 .text.HAL_SDRAM_MspInit
                0x0000000008002a64        0x2 ./Drivers/STM32F4xx_HAL_Driver/stm32f4xx_hal_sdram.o
                0x0000000008002a64                HAL_SDRAM_MspInit
 .text.HAL_SDRAM_Init
                0x0000000008002a66       0x40 ./Drivers/STM32F4xx_HAL_Driver/stm32f4xx_hal_sdram.o
                0x0000000008002a66                HAL_SDRAM_Init
 .text.HAL_SDRAM_SendCommand
                0x0000000008002aa6       0x3c ./Drivers/STM32F4xx_HAL_Driver/stm32f4xx_hal_sdram.o
                0x0000000008002aa6                HAL_SDRAM_SendCommand
 .text.HAL_SDRAM_ProgramRefreshRate
                0x0000000008002ae2       0x30 ./Drivers/STM32F4xx_HAL_Driver/stm32f4xx_hal_sdram.o
                0x0000000008002ae2                HAL_SDRAM_ProgramRefreshRate
 .text.FMC_SDRAM_Init
                0x0000000008002b12       0x76 ./Drivers/STM32F4xx_HAL_Driver/stm32f4xx_ll_fmc.o
                0x0000000008002b12                FMC_SDRAM_Init
 .text.FMC_SDRAM_Timing_Init
                0x0000000008002b88       0x6c ./Drivers/STM32F4xx_HAL_Driver/stm32f4xx_ll_fmc.o
                0x0000000008002b88                FMC_SDRAM_Timing_Init
 .text.FMC_SDRAM_SendCommand
                0x0000000008002bf4       0x4c ./Drivers/STM32F4xx_HAL_Driver/stm32f4xx_ll_fmc.o
                0x0000000008002bf4                FMC_SDRAM_SendCommand
 .text.FMC_SDRAM_ProgramRefreshRate
                0x0000000008002c40       0x14 ./Drivers/STM32F4xx_HAL_Driver/stm32f4xx_ll_fmc.o
                0x0000000008002c40                FMC_SDRAM_ProgramRefreshRate
 .text.Reset_Handler
                0x0000000008002c54       0x50 ./Example/SW4STM32/startup_stm32f469xx.o
                0x0000000008002c54                Reset_Handler
 .text.Default_Handler
                0x0000000008002ca4        0x2 ./Example/SW4STM32/startup_stm32f469xx.o
                0x0000000008002ca4                DMA1_Stream3_IRQHandler
                0x0000000008002ca4                HASH_RNG_IRQHandler
                0x0000000008002ca4                EXTI2_IRQHandler
                0x0000000008002ca4                TIM8_CC_IRQHandler
                0x0000000008002ca4                UART8_IRQHandler
                0x0000000008002ca4                SPI4_IRQHandler
                0x0000000008002ca4                TIM1_CC_IRQHandler
                0x0000000008002ca4                DMA2_Stream5_IRQHandler
                0x0000000008002ca4                DMA1_Stream5_IRQHandler
                0x0000000008002ca4                PVD_IRQHandler
                0x0000000008002ca4                SDIO_IRQHandler
                0x0000000008002ca4                TAMP_STAMP_IRQHandler
                0x0000000008002ca4                CAN2_RX1_IRQHandler
                0x0000000008002ca4                EXTI3_IRQHandler
                0x0000000008002ca4                TIM8_TRG_COM_TIM14_IRQHandler
                0x0000000008002ca4                TIM1_UP_TIM10_IRQHandler
                0x0000000008002ca4                TIM8_UP_TIM13_IRQHandler
                0x0000000008002ca4                I2C3_ER_IRQHandler
                0x0000000008002ca4                EXTI0_IRQHandler
                0x0000000008002ca4                I2C2_EV_IRQHandler
                0x0000000008002ca4                DMA1_Stream2_IRQHandler
                0x0000000008002ca4                CAN1_RX0_IRQHandler
                0x0000000008002ca4                FPU_IRQHandler
                0x0000000008002ca4                OTG_HS_WKUP_IRQHandler
                0x0000000008002ca4                LTDC_ER_IRQHandler
                0x0000000008002ca4                CAN2_SCE_IRQHandler
                0x0000000008002ca4                DMA2_Stream2_IRQHandler
                0x0000000008002ca4                SPI1_IRQHandler
                0x0000000008002ca4                TIM6_DAC_IRQHandler
                0x0000000008002ca4                TIM1_BRK_TIM9_IRQHandler
                0x0000000008002ca4                DCMI_IRQHandler
                0x0000000008002ca4                CAN2_RX0_IRQHandler
                0x0000000008002ca4                DMA2_Stream3_IRQHandler
                0x0000000008002ca4                USART6_IRQHandler
                0x0000000008002ca4                USART3_IRQHandler
                0x0000000008002ca4                CAN1_RX1_IRQHandler
                0x0000000008002ca4                UART5_IRQHandler
                0x0000000008002ca4                DMA2_Stream0_IRQHandler
                0x0000000008002ca4                TIM4_IRQHandler
                0x0000000008002ca4                QUADSPI_IRQHandler
                0x0000000008002ca4                I2C1_EV_IRQHandler
                0x0000000008002ca4                DMA1_Stream6_IRQHandler
                0x0000000008002ca4                DMA1_Stream1_IRQHandler
                0x0000000008002ca4                UART4_IRQHandler
                0x0000000008002ca4                TIM3_IRQHandler
                0x0000000008002ca4                RCC_IRQHandler
                0x0000000008002ca4                TIM8_BRK_TIM12_IRQHandler
                0x0000000008002ca4                Default_Handler
                0x0000000008002ca4                EXTI15_10_IRQHandler
                0x0000000008002ca4                ADC_IRQHandler
                0x0000000008002ca4                DMA1_Stream7_IRQHandler
                0x0000000008002ca4                SPI5_IRQHandler
                0x0000000008002ca4                TIM7_IRQHandler
                0x0000000008002ca4                CAN2_TX_IRQHandler
                0x0000000008002ca4                TIM5_IRQHandler
                0x0000000008002ca4                DMA2_Stream7_IRQHandler
                0x0000000008002ca4                I2C3_EV_IRQHandler
                0x0000000008002ca4                EXTI9_5_IRQHandler
                0x0000000008002ca4                RTC_WKUP_IRQHandler
                0x0000000008002ca4                ETH_WKUP_IRQHandler
                0x0000000008002ca4                SPI2_IRQHandler
                0x0000000008002ca4                OTG_HS_EP1_IN_IRQHandler
                0x0000000008002ca4                DMA1_Stream0_IRQHandler
                0x0000000008002ca4                CAN1_TX_IRQHandler
                0x0000000008002ca4                EXTI4_IRQHandler
                0x0000000008002ca4                DSI_IRQHandler
                0x0000000008002ca4                ETH_IRQHandler
                0x0000000008002ca4                OTG_HS_EP1_OUT_IRQHandler
                0x0000000008002ca4                WWDG_IRQHandler
                0x0000000008002ca4                SPI6_IRQHandler
                0x0000000008002ca4                TIM2_IRQHandler
                0x0000000008002ca4                OTG_FS_WKUP_IRQHandler
                0x0000000008002ca4                TIM1_TRG_COM_TIM11_IRQHandler
                0x0000000008002ca4                OTG_HS_IRQHandler
                0x0000000008002ca4                DMA2D_IRQHandler
                0x0000000008002ca4                EXTI1_IRQHandler
                0x0000000008002ca4                UART7_IRQHandler
                0x0000000008002ca4                USART2_IRQHandler
                0x0000000008002ca4                I2C2_ER_IRQHandler
                0x0000000008002ca4                DMA2_Stream1_IRQHandler
                0x0000000008002ca4                CAN1_SCE_IRQHandler
                0x0000000008002ca4                FLASH_IRQHandler
                0x0000000008002ca4                DMA2_Stream4_IRQHandler
                0x0000000008002ca4                USART1_IRQHandler
                0x0000000008002ca4                OTG_FS_IRQHandler
                0x0000000008002ca4                SPI3_IRQHandler
                0x0000000008002ca4                DMA1_Stream4_IRQHandler
                0x0000000008002ca4                I2C1_ER_IRQHandler
                0x0000000008002ca4                FMC_IRQHandler
                0x0000000008002ca4                DMA2_Stream6_IRQHandler
                0x0000000008002ca4                SAI1_IRQHandler
                0x0000000008002ca4                RTC_Alarm_IRQHandler
 *fill*         0x0000000008002ca6        0x2 
 .text.startup.main
                0x0000000008002ca8      0x19c ./Example/User/main.o
                0x0000000008002ca8                main
 .text.NMI_Handler
                0x0000000008002e44        0x2 ./Example/User/stm32f4xx_it.o
                0x0000000008002e44                NMI_Handler
 .text.HardFault_Handler
                0x0000000008002e46        0x2 ./Example/User/stm32f4xx_it.o
                0x0000000008002e46                HardFault_Handler
 .text.MemManage_Handler
                0x0000000008002e48        0x2 ./Example/User/stm32f4xx_it.o
                0x0000000008002e48                MemManage_Handler
 .text.BusFault_Handler
                0x0000000008002e4a        0x2 ./Example/User/stm32f4xx_it.o
                0x0000000008002e4a                BusFault_Handler
 .text.UsageFault_Handler
                0x0000000008002e4c        0x2 ./Example/User/stm32f4xx_it.o
                0x0000000008002e4c                UsageFault_Handler
 .text.SVC_Handler
                0x0000000008002e4e        0x2 ./Example/User/stm32f4xx_it.o
                0x0000000008002e4e                SVC_Handler
 .text.DebugMon_Handler
                0x0000000008002e50        0x2 ./Example/User/stm32f4xx_it.o
                0x0000000008002e50                DebugMon_Handler
 .text.PendSV_Handler
                0x0000000008002e52        0x2 ./Example/User/stm32f4xx_it.o
                0x0000000008002e52                PendSV_Handler
 .text.SysTick_Handler
                0x0000000008002e54        0x4 ./Example/User/stm32f4xx_it.o
                0x0000000008002e54                SysTick_Handler
 .text.LTDC_IRQHandler
                0x0000000008002e58        0xc ./Example/User/stm32f4xx_it.o
                0x0000000008002e58                LTDC_IRQHandler
 .text.__libc_init_array
                0x0000000008002e64       0x48 /Applications/STM32CubeIDE.app/Contents/Eclipse/plugins/com.st.stm32cube.ide.mcu.externaltools.gnu-tools-for-stm32.10.3-2021.10.macos64_1.0.0.202111181127/tools/bin/../lib/gcc/arm-none-eabi/10.3.1/../../../../arm-none-eabi/lib/thumb/v7e-m+fp/hard/libc_nano.a(lib_a-init.o)
                0x0000000008002e64                __libc_init_array
 *(.glue_7)
 .glue_7        0x0000000008002eac        0x0 linker stubs
 *(.glue_7t)
 .glue_7t       0x0000000008002eac        0x0 linker stubs
 *(.eh_frame)
 .eh_frame      0x0000000008002eac        0x0 /Applications/STM32CubeIDE.app/Contents/Eclipse/plugins/com.st.stm32cube.ide.mcu.externaltools.gnu-tools-for-stm32.10.3-2021.10.macos64_1.0.0.202111181127/tools/bin/../lib/gcc/arm-none-eabi/10.3.1/thumb/v7e-m+fp/hard/crtbegin.o
 *(.init)
 .init          0x0000000008002eac        0x4 /Applications/STM32CubeIDE.app/Contents/Eclipse/plugins/com.st.stm32cube.ide.mcu.externaltools.gnu-tools-for-stm32.10.3-2021.10.macos64_1.0.0.202111181127/tools/bin/../lib/gcc/arm-none-eabi/10.3.1/thumb/v7e-m+fp/hard/crti.o
                0x0000000008002eac                _init
 .init          0x0000000008002eb0        0x8 /Applications/STM32CubeIDE.app/Contents/Eclipse/plugins/com.st.stm32cube.ide.mcu.externaltools.gnu-tools-for-stm32.10.3-2021.10.macos64_1.0.0.202111181127/tools/bin/../lib/gcc/arm-none-eabi/10.3.1/thumb/v7e-m+fp/hard/crtn.o
 *(.fini)
 .fini          0x0000000008002eb8        0x4 /Applications/STM32CubeIDE.app/Contents/Eclipse/plugins/com.st.stm32cube.ide.mcu.externaltools.gnu-tools-for-stm32.10.3-2021.10.macos64_1.0.0.202111181127/tools/bin/../lib/gcc/arm-none-eabi/10.3.1/thumb/v7e-m+fp/hard/crti.o
                0x0000000008002eb8                _fini
 .fini          0x0000000008002ebc        0x8 /Applications/STM32CubeIDE.app/Contents/Eclipse/plugins/com.st.stm32cube.ide.mcu.externaltools.gnu-tools-for-stm32.10.3-2021.10.macos64_1.0.0.202111181127/tools/bin/../lib/gcc/arm-none-eabi/10.3.1/thumb/v7e-m+fp/hard/crtn.o
                0x0000000008002ec4                . = ALIGN (0x4)
                0x0000000008002ec4                _etext = .

.vfp11_veneer   0x0000000008002ec4        0x0
 .vfp11_veneer  0x0000000008002ec4        0x0 linker stubs

.v4_bx          0x0000000008002ec4        0x0
 .v4_bx         0x0000000008002ec4        0x0 linker stubs

.iplt           0x0000000008002ec4        0x0
 .iplt          0x0000000008002ec4        0x0 /Applications/STM32CubeIDE.app/Contents/Eclipse/plugins/com.st.stm32cube.ide.mcu.externaltools.gnu-tools-for-stm32.10.3-2021.10.macos64_1.0.0.202111181127/tools/bin/../lib/gcc/arm-none-eabi/10.3.1/thumb/v7e-m+fp/hard/crtbegin.o

.rodata         0x0000000008002ec4    0x99dc4
                0x0000000008002ec4                . = ALIGN (0x4)
 *(.rodata)
 .rodata        0x0000000008002ec4       0x23 ./Drivers/BSP/Components/nt35510.o
 .rodata        0x0000000008002ee7     0x3cdc ./Drivers/BSP/STM32469I-Discovery/stm32469i_discovery_lcd.o
                0x0000000008002ee7                Font8_Table
                0x00000000080031df                Font12_Table
                0x0000000008003653                Font16_Table
                0x0000000008004233                Font20_Table
                0x000000000800510b                Font24_Table
 .rodata        0x0000000008006bc3       0x18 ./Drivers/CMSIS/system_stm32f4xx.o
                0x0000000008006bc3                AHBPrescTable
                0x0000000008006bd3                APBPrescTable
 .rodata        0x0000000008006bdb        0x8 ./Drivers/STM32F4xx_HAL_Driver/stm32f4xx_hal_dma.o
 *fill*         0x0000000008006be3        0x1 
 .rodata        0x0000000008006be4    0x96008 ./Example/User/main.o
                0x0000000008006bec                life_augmented_argb8888
                0x0000000008051bec                image_320x240_argb8888
 *(.rodata*)
 .rodata.str1.1
                0x000000000809cbec        0xd ./Drivers/BSP/Components/nt35510.o
 .rodata.str1.1
                0x000000000809cbf9       0x8d ./Example/User/main.o
                0x000000000809cc88                . = ALIGN (0x4)
 *fill*         0x000000000809cc86        0x2 

.ARM.extab
 *(.ARM.extab* .gnu.linkonce.armextab.*)

.ARM            0x000000000809cc88        0x8
                0x000000000809cc88                __exidx_start = .
 *(.ARM.exidx*)
 .ARM.exidx     0x000000000809cc88        0x8 /Applications/STM32CubeIDE.app/Contents/Eclipse/plugins/com.st.stm32cube.ide.mcu.externaltools.gnu-tools-for-stm32.10.3-2021.10.macos64_1.0.0.202111181127/tools/bin/../lib/gcc/arm-none-eabi/10.3.1/thumb/v7e-m+fp/hard/libgcc.a(_udivmoddi4.o)
                0x000000000809cc90                __exidx_end = .

.rel.dyn        0x000000000809cc90        0x0
 .rel.iplt      0x000000000809cc90        0x0 /Applications/STM32CubeIDE.app/Contents/Eclipse/plugins/com.st.stm32cube.ide.mcu.externaltools.gnu-tools-for-stm32.10.3-2021.10.macos64_1.0.0.202111181127/tools/bin/../lib/gcc/arm-none-eabi/10.3.1/thumb/v7e-m+fp/hard/crtbegin.o

.preinit_array  0x000000000809cc90        0x0
                0x000000000809cc90                PROVIDE (__preinit_array_start = .)
 *(.preinit_array*)
                0x000000000809cc90                PROVIDE (__preinit_array_end = .)

.init_array     0x000000000809cc90        0x4
                0x000000000809cc90                PROVIDE (__init_array_start = .)
 *(SORT_BY_NAME(.init_array.*))
 *(.init_array*)
 .init_array    0x000000000809cc90        0x4 /Applications/STM32CubeIDE.app/Contents/Eclipse/plugins/com.st.stm32cube.ide.mcu.externaltools.gnu-tools-for-stm32.10.3-2021.10.macos64_1.0.0.202111181127/tools/bin/../lib/gcc/arm-none-eabi/10.3.1/thumb/v7e-m+fp/hard/crtbegin.o
                0x000000000809cc94                PROVIDE (__init_array_end = .)

.fini_array     0x000000000809cc94        0x4
                [!provide]                        PROVIDE (__fini_array_start = .)
 *(SORT_BY_NAME(.fini_array.*))
 *(.fini_array*)
 .fini_array    0x000000000809cc94        0x4 /Applications/STM32CubeIDE.app/Contents/Eclipse/plugins/com.st.stm32cube.ide.mcu.externaltools.gnu-tools-for-stm32.10.3-2021.10.macos64_1.0.0.202111181127/tools/bin/../lib/gcc/arm-none-eabi/10.3.1/thumb/v7e-m+fp/hard/crtbegin.o
                [!provide]                        PROVIDE (__fini_array_end = .)
                0x000000000809cc98                _sidata = LOADADDR (.data)

.data           0x0000000020000000       0x64 load address 0x000000000809cc98
                0x0000000020000000                . = ALIGN (0x4)
                0x0000000020000000                _sdata = .
 *(.data)
 .data          0x0000000020000000       0x24 ./Drivers/BSP/STM32469I-Discovery/stm32469i_discovery.o
                0x0000000020000000                GPIO_PIN
                0x0000000020000010                GPIO_PORT
                0x0000000020000020                BUTTON_PORT
 .data          0x0000000020000024       0x30 ./Drivers/BSP/STM32469I-Discovery/stm32469i_discovery_lcd.o
                0x0000000020000024                lcd_x_size
                0x0000000020000028                lcd_y_size
                0x000000002000002c                Font24
                0x0000000020000034                Font8
                0x000000002000003c                Font12
                0x0000000020000044                Font16
                0x000000002000004c                Font20
 .data          0x0000000020000054        0x2 ./Drivers/BSP/STM32469I-Discovery/stm32469i_discovery_sdram.o
 *fill*         0x0000000020000056        0x2 
 .data          0x0000000020000058        0x4 ./Drivers/CMSIS/system_stm32f4xx.o
                0x0000000020000058                SystemCoreClock
 .data          0x000000002000005c        0x8 ./Drivers/STM32F4xx_HAL_Driver/stm32f4xx_hal.o
                0x000000002000005c                uwTickFreq
                0x0000000020000060                uwTickPrio
 *(.data*)
                0x0000000020000064                . = ALIGN (0x4)
                0x0000000020000064                _edata = .
                0x000000000809ccfc                _siccmram = LOADADDR (.ccmram)

.igot.plt       0x0000000020000064        0x0 load address 0x000000000809ccfc
 .igot.plt      0x0000000020000064        0x0 /Applications/STM32CubeIDE.app/Contents/Eclipse/plugins/com.st.stm32cube.ide.mcu.externaltools.gnu-tools-for-stm32.10.3-2021.10.macos64_1.0.0.202111181127/tools/bin/../lib/gcc/arm-none-eabi/10.3.1/thumb/v7e-m+fp/hard/crtbegin.o

.ccmram         0x0000000010000000        0x0 load address 0x000000000809ccfc
                0x0000000010000000                . = ALIGN (0x4)
                0x0000000010000000                _sccmram = .
 *(.ccmram)
 *(.ccmram*)
                0x0000000010000000                . = ALIGN (0x4)
                0x0000000010000000                _eccmram = .
                0x0000000010000000                . = ALIGN (0x4)

.bss            0x0000000020000064      0x34c
                0x0000000020000064                _sbss = .
                0x0000000020000064                __bss_start__ = _sbss
 *(.bss)
 .bss           0x0000000020000064       0x1c /Applications/STM32CubeIDE.app/Contents/Eclipse/plugins/com.st.stm32cube.ide.mcu.externaltools.gnu-tools-for-stm32.10.3-2021.10.macos64_1.0.0.202111181127/tools/bin/../lib/gcc/arm-none-eabi/10.3.1/thumb/v7e-m+fp/hard/crtbegin.o
 .bss           0x0000000020000080      0x1c8 ./Drivers/BSP/STM32469I-Discovery/stm32469i_discovery_lcd.o
                0x0000000020000080                hdma2d_eval
                0x00000000200000c0                hltdc_eval
                0x00000000200001f0                hdsi_eval
 .bss           0x0000000020000248      0x120 ./Drivers/BSP/STM32469I-Discovery/stm32469i_discovery_sdram.o
 .bss           0x0000000020000368        0x4 ./Drivers/STM32F4xx_HAL_Driver/stm32f4xx_hal.o
                0x0000000020000368                uwTick
 .bss           0x000000002000036c       0x44 ./Example/User/main.o
 *(.bss*)
 *(COMMON)
                0x00000000200003b0                . = ALIGN (0x4)
                0x00000000200003b0                _ebss = .
                0x00000000200003b0                __bss_end__ = _ebss

._user_heap_stack
                0x00000000200003b0      0x600
                0x00000000200003b0                . = ALIGN (0x4)
                [!provide]                        PROVIDE (end = .)
                [!provide]                        PROVIDE (_end = .)
                0x00000000200005b0                . = (. + _Min_Heap_Size)
 *fill*         0x00000000200003b0      0x200 
                0x00000000200009b0                . = (. + _Min_Stack_Size)
 *fill*         0x00000000200005b0      0x400 
                0x00000000200009b0                . = ALIGN (0x4)

/DISCARD/
 libc.a(*)
 libm.a(*)
 libgcc.a(*)

.ARM.attributes
                0x0000000000000000       0x30
 *(.ARM.attributes)
 .ARM.attributes
                0x0000000000000000       0x1e /Applications/STM32CubeIDE.app/Contents/Eclipse/plugins/com.st.stm32cube.ide.mcu.externaltools.gnu-tools-for-stm32.10.3-2021.10.macos64_1.0.0.202111181127/tools/bin/../lib/gcc/arm-none-eabi/10.3.1/thumb/v7e-m+fp/hard/crti.o
 .ARM.attributes
                0x000000000000001e       0x34 /Applications/STM32CubeIDE.app/Contents/Eclipse/plugins/com.st.stm32cube.ide.mcu.externaltools.gnu-tools-for-stm32.10.3-2021.10.macos64_1.0.0.202111181127/tools/bin/../lib/gcc/arm-none-eabi/10.3.1/thumb/v7e-m+fp/hard/crtbegin.o
 .ARM.attributes
                0x0000000000000052       0x34 ./Drivers/BSP/Components/nt35510.o
 .ARM.attributes
                0x0000000000000086       0x34 ./Drivers/BSP/STM32469I-Discovery/stm32469i_discovery.o
 .ARM.attributes
                0x00000000000000ba       0x34 ./Drivers/BSP/STM32469I-Discovery/stm32469i_discovery_lcd.o
 .ARM.attributes
                0x00000000000000ee       0x34 ./Drivers/BSP/STM32469I-Discovery/stm32469i_discovery_sdram.o
 .ARM.attributes
                0x0000000000000122       0x34 ./Drivers/CMSIS/system_stm32f4xx.o
 .ARM.attributes
                0x0000000000000156       0x34 ./Drivers/STM32F4xx_HAL_Driver/stm32f4xx_hal.o
 .ARM.attributes
                0x000000000000018a       0x34 ./Drivers/STM32F4xx_HAL_Driver/stm32f4xx_hal_cortex.o
 .ARM.attributes
                0x00000000000001be       0x34 ./Drivers/STM32F4xx_HAL_Driver/stm32f4xx_hal_dma.o
 .ARM.attributes
                0x00000000000001f2       0x34 ./Drivers/STM32F4xx_HAL_Driver/stm32f4xx_hal_dma2d.o
 .ARM.attributes
                0x0000000000000226       0x34 ./Drivers/STM32F4xx_HAL_Driver/stm32f4xx_hal_dsi.o
 .ARM.attributes
                0x000000000000025a       0x34 ./Drivers/STM32F4xx_HAL_Driver/stm32f4xx_hal_gpio.o
 .ARM.attributes
                0x000000000000028e       0x34 ./Drivers/STM32F4xx_HAL_Driver/stm32f4xx_hal_ltdc.o
 .ARM.attributes
                0x00000000000002c2       0x34 ./Drivers/STM32F4xx_HAL_Driver/stm32f4xx_hal_ltdc_ex.o
 .ARM.attributes
                0x00000000000002f6       0x34 ./Drivers/STM32F4xx_HAL_Driver/stm32f4xx_hal_pwr_ex.o
 .ARM.attributes
                0x000000000000032a       0x34 ./Drivers/STM32F4xx_HAL_Driver/stm32f4xx_hal_rcc.o
 .ARM.attributes
                0x000000000000035e       0x34 ./Drivers/STM32F4xx_HAL_Driver/stm32f4xx_hal_rcc_ex.o
 .ARM.attributes
                0x0000000000000392       0x34 ./Drivers/STM32F4xx_HAL_Driver/stm32f4xx_hal_sdram.o
 .ARM.attributes
                0x00000000000003c6       0x34 ./Drivers/STM32F4xx_HAL_Driver/stm32f4xx_ll_fmc.o
 .ARM.attributes
                0x00000000000003fa       0x21 ./Example/SW4STM32/startup_stm32f469xx.o
 .ARM.attributes
                0x000000000000041b       0x34 ./Example/User/main.o
 .ARM.attributes
                0x000000000000044f       0x34 ./Example/User/stm32f4xx_it.o
 .ARM.attributes
                0x0000000000000483       0x34 /Applications/STM32CubeIDE.app/Contents/Eclipse/plugins/com.st.stm32cube.ide.mcu.externaltools.gnu-tools-for-stm32.10.3-2021.10.macos64_1.0.0.202111181127/tools/bin/../lib/gcc/arm-none-eabi/10.3.1/../../../../arm-none-eabi/lib/thumb/v7e-m+fp/hard/libc_nano.a(lib_a-init.o)
 .ARM.attributes
                0x00000000000004b7       0x1e /Applications/STM32CubeIDE.app/Contents/Eclipse/plugins/com.st.stm32cube.ide.mcu.externaltools.gnu-tools-for-stm32.10.3-2021.10.macos64_1.0.0.202111181127/tools/bin/../lib/gcc/arm-none-eabi/10.3.1/thumb/v7e-m+fp/hard/libgcc.a(_aeabi_uldivmod.o)
 .ARM.attributes
                0x00000000000004d5       0x34 /Applications/STM32CubeIDE.app/Contents/Eclipse/plugins/com.st.stm32cube.ide.mcu.externaltools.gnu-tools-for-stm32.10.3-2021.10.macos64_1.0.0.202111181127/tools/bin/../lib/gcc/arm-none-eabi/10.3.1/thumb/v7e-m+fp/hard/libgcc.a(_udivmoddi4.o)
 .ARM.attributes
                0x0000000000000509       0x1e /Applications/STM32CubeIDE.app/Contents/Eclipse/plugins/com.st.stm32cube.ide.mcu.externaltools.gnu-tools-for-stm32.10.3-2021.10.macos64_1.0.0.202111181127/tools/bin/../lib/gcc/arm-none-eabi/10.3.1/thumb/v7e-m+fp/hard/libgcc.a(_dvmd_tls.o)
 .ARM.attributes
                0x0000000000000527       0x1e /Applications/STM32CubeIDE.app/Contents/Eclipse/plugins/com.st.stm32cube.ide.mcu.externaltools.gnu-tools-for-stm32.10.3-2021.10.macos64_1.0.0.202111181127/tools/bin/../lib/gcc/arm-none-eabi/10.3.1/thumb/v7e-m+fp/hard/crtn.o
OUTPUT(LCD_DSI_VideoMode_SingleBuffer.elf elf32-littlearm)
LOAD linker stubs
LOAD /Applications/STM32CubeIDE.app/Contents/Eclipse/plugins/com.st.stm32cube.ide.mcu.externaltools.gnu-tools-for-stm32.10.3-2021.10.macos64_1.0.0.202111181127/tools/bin/../lib/gcc/arm-none-eabi/10.3.1/../../../../arm-none-eabi/lib/thumb/v7e-m+fp/hard/libc.a
LOAD /Applications/STM32CubeIDE.app/Contents/Eclipse/plugins/com.st.stm32cube.ide.mcu.externaltools.gnu-tools-for-stm32.10.3-2021.10.macos64_1.0.0.202111181127/tools/bin/../lib/gcc/arm-none-eabi/10.3.1/../../../../arm-none-eabi/lib/thumb/v7e-m+fp/hard/libm.a
LOAD /Applications/STM32CubeIDE.app/Contents/Eclipse/plugins/com.st.stm32cube.ide.mcu.externaltools.gnu-tools-for-stm32.10.3-2021.10.macos64_1.0.0.202111181127/tools/bin/../lib/gcc/arm-none-eabi/10.3.1/thumb/v7e-m+fp/hard/libgcc.a

.debug_info     0x0000000000000000    0x15771
 .debug_info    0x0000000000000000      0x89f ./Drivers/BSP/Components/nt35510.o
 .debug_info    0x000000000000089f     0x2356 ./Drivers/BSP/STM32469I-Discovery/stm32469i_discovery.o
 .debug_info    0x0000000000002bf5     0x405d ./Drivers/BSP/STM32469I-Discovery/stm32469i_discovery_lcd.o
 .debug_info    0x0000000000006c52     0x1594 ./Drivers/BSP/STM32469I-Discovery/stm32469i_discovery_sdram.o
 .debug_info    0x00000000000081e6      0x558 ./Drivers/CMSIS/system_stm32f4xx.o
 .debug_info    0x000000000000873e      0xad4 ./Drivers/STM32F4xx_HAL_Driver/stm32f4xx_hal.o
 .debug_info    0x0000000000009212     0x10ce ./Drivers/STM32F4xx_HAL_Driver/stm32f4xx_hal_cortex.o
 .debug_info    0x000000000000a2e0      0xb48 ./Drivers/STM32F4xx_HAL_Driver/stm32f4xx_hal_dma.o
 .debug_info    0x000000000000ae28     0x12e3 ./Drivers/STM32F4xx_HAL_Driver/stm32f4xx_hal_dma2d.o
 .debug_info    0x000000000000c10b     0x2041 ./Drivers/STM32F4xx_HAL_Driver/stm32f4xx_hal_dsi.o
 .debug_info    0x000000000000e14c      0x7cc ./Drivers/STM32F4xx_HAL_Driver/stm32f4xx_hal_gpio.o
 .debug_info    0x000000000000e918     0x1551 ./Drivers/STM32F4xx_HAL_Driver/stm32f4xx_hal_ltdc.o
 .debug_info    0x000000000000fe69      0x752 ./Drivers/STM32F4xx_HAL_Driver/stm32f4xx_hal_ltdc_ex.o
 .debug_info    0x00000000000105bb      0x7a7 ./Drivers/STM32F4xx_HAL_Driver/stm32f4xx_hal_pwr_ex.o
 .debug_info    0x0000000000010d62      0xbbc ./Drivers/STM32F4xx_HAL_Driver/stm32f4xx_hal_rcc.o
 .debug_info    0x000000000001191e      0xb44 ./Drivers/STM32F4xx_HAL_Driver/stm32f4xx_hal_rcc_ex.o
 .debug_info    0x0000000000012462     0x11b4 ./Drivers/STM32F4xx_HAL_Driver/stm32f4xx_hal_sdram.o
 .debug_info    0x0000000000013616      0xd52 ./Drivers/STM32F4xx_HAL_Driver/stm32f4xx_ll_fmc.o
 .debug_info    0x0000000000014368       0x22 ./Example/SW4STM32/startup_stm32f469xx.o
 .debug_info    0x000000000001438a      0xe82 ./Example/User/main.o
 .debug_info    0x000000000001520c      0x565 ./Example/User/stm32f4xx_it.o

.debug_abbrev   0x0000000000000000     0x337d
 .debug_abbrev  0x0000000000000000       0xe1 ./Drivers/BSP/Components/nt35510.o
 .debug_abbrev  0x00000000000000e1      0x487 ./Drivers/BSP/STM32469I-Discovery/stm32469i_discovery.o
 .debug_abbrev  0x0000000000000568      0x502 ./Drivers/BSP/STM32469I-Discovery/stm32469i_discovery_lcd.o
 .debug_abbrev  0x0000000000000a6a      0x338 ./Drivers/BSP/STM32469I-Discovery/stm32469i_discovery_sdram.o
 .debug_abbrev  0x0000000000000da2      0x11c ./Drivers/CMSIS/system_stm32f4xx.o
 .debug_abbrev  0x0000000000000ebe      0x289 ./Drivers/STM32F4xx_HAL_Driver/stm32f4xx_hal.o
 .debug_abbrev  0x0000000000001147      0x372 ./Drivers/STM32F4xx_HAL_Driver/stm32f4xx_hal_cortex.o
 .debug_abbrev  0x00000000000014b9      0x343 ./Drivers/STM32F4xx_HAL_Driver/stm32f4xx_hal_dma.o
 .debug_abbrev  0x00000000000017fc      0x2ae ./Drivers/STM32F4xx_HAL_Driver/stm32f4xx_hal_dma2d.o
 .debug_abbrev  0x0000000000001aaa      0x314 ./Drivers/STM32F4xx_HAL_Driver/stm32f4xx_hal_dsi.o
 .debug_abbrev  0x0000000000001dbe      0x1f0 ./Drivers/STM32F4xx_HAL_Driver/stm32f4xx_hal_gpio.o
 .debug_abbrev  0x0000000000001fae      0x28e ./Drivers/STM32F4xx_HAL_Driver/stm32f4xx_hal_ltdc.o
 .debug_abbrev  0x000000000000223c      0x12e ./Drivers/STM32F4xx_HAL_Driver/stm32f4xx_hal_ltdc_ex.o
 .debug_abbrev  0x000000000000236a      0x1dd ./Drivers/STM32F4xx_HAL_Driver/stm32f4xx_hal_pwr_ex.o
 .debug_abbrev  0x0000000000002547      0x344 ./Drivers/STM32F4xx_HAL_Driver/stm32f4xx_hal_rcc.o
 .debug_abbrev  0x000000000000288b      0x1f9 ./Drivers/STM32F4xx_HAL_Driver/stm32f4xx_hal_rcc_ex.o
 .debug_abbrev  0x0000000000002a84      0x274 ./Drivers/STM32F4xx_HAL_Driver/stm32f4xx_hal_sdram.o
 .debug_abbrev  0x0000000000002cf8      0x1af ./Drivers/STM32F4xx_HAL_Driver/stm32f4xx_ll_fmc.o
 .debug_abbrev  0x0000000000002ea7       0x12 ./Example/SW4STM32/startup_stm32f469xx.o
 .debug_abbrev  0x0000000000002eb9      0x31f ./Example/User/main.o
 .debug_abbrev  0x00000000000031d8      0x1a5 ./Example/User/stm32f4xx_it.o

.debug_loc      0x0000000000000000     0xc391
 .debug_loc     0x0000000000000000       0x44 ./Drivers/BSP/Components/nt35510.o
 .debug_loc     0x0000000000000044      0xd98 ./Drivers/BSP/STM32469I-Discovery/stm32469i_discovery.o
 .debug_loc     0x0000000000000ddc     0x2794 ./Drivers/BSP/STM32469I-Discovery/stm32469i_discovery_lcd.o
 .debug_loc     0x0000000000003570      0x415 ./Drivers/BSP/STM32469I-Discovery/stm32469i_discovery_sdram.o
 .debug_loc     0x0000000000003985      0x118 ./Drivers/CMSIS/system_stm32f4xx.o
 .debug_loc     0x0000000000003a9d      0x139 ./Drivers/STM32F4xx_HAL_Driver/stm32f4xx_hal.o
 .debug_loc     0x0000000000003bd6      0x5d3 ./Drivers/STM32F4xx_HAL_Driver/stm32f4xx_hal_cortex.o
 .debug_loc     0x00000000000041a9      0x8ca ./Drivers/STM32F4xx_HAL_Driver/stm32f4xx_hal_dma.o
 .debug_loc     0x0000000000004a73     0x18b5 ./Drivers/STM32F4xx_HAL_Driver/stm32f4xx_hal_dma2d.o
 .debug_loc     0x0000000000006328     0x223a ./Drivers/STM32F4xx_HAL_Driver/stm32f4xx_hal_dsi.o
 .debug_loc     0x0000000000008562      0x422 ./Drivers/STM32F4xx_HAL_Driver/stm32f4xx_hal_gpio.o
 .debug_loc     0x0000000000008984     0x1433 ./Drivers/STM32F4xx_HAL_Driver/stm32f4xx_hal_ltdc.o
 .debug_loc     0x0000000000009db7       0x4a ./Drivers/STM32F4xx_HAL_Driver/stm32f4xx_hal_ltdc_ex.o
 .debug_loc     0x0000000000009e01      0x258 ./Drivers/STM32F4xx_HAL_Driver/stm32f4xx_hal_pwr_ex.o
 .debug_loc     0x000000000000a059      0x4af ./Drivers/STM32F4xx_HAL_Driver/stm32f4xx_hal_rcc.o
 .debug_loc     0x000000000000a508      0x89f ./Drivers/STM32F4xx_HAL_Driver/stm32f4xx_hal_rcc_ex.o
 .debug_loc     0x000000000000ada7      0xda1 ./Drivers/STM32F4xx_HAL_Driver/stm32f4xx_hal_sdram.o
 .debug_loc     0x000000000000bb48      0x71b ./Drivers/STM32F4xx_HAL_Driver/stm32f4xx_ll_fmc.o
 .debug_loc     0x000000000000c263      0x12e ./Example/User/main.o

.debug_aranges  0x0000000000000000      0xce8
 .debug_aranges
                0x0000000000000000       0x28 ./Drivers/BSP/Components/nt35510.o
 .debug_aranges
                0x0000000000000028       0xd8 ./Drivers/BSP/STM32469I-Discovery/stm32469i_discovery.o
 .debug_aranges
                0x0000000000000100      0x1a8 ./Drivers/BSP/STM32469I-Discovery/stm32469i_discovery_lcd.o
 .debug_aranges
                0x00000000000002a8       0x70 ./Drivers/BSP/STM32469I-Discovery/stm32469i_discovery_sdram.o
 .debug_aranges
                0x0000000000000318       0x28 ./Drivers/CMSIS/system_stm32f4xx.o
 .debug_aranges
                0x0000000000000340       0xf8 ./Drivers/STM32F4xx_HAL_Driver/stm32f4xx_hal.o
 .debug_aranges
                0x0000000000000438       0xa8 ./Drivers/STM32F4xx_HAL_Driver/stm32f4xx_hal_cortex.o
 .debug_aranges
                0x00000000000004e0       0x80 ./Drivers/STM32F4xx_HAL_Driver/stm32f4xx_hal_dma.o
 .debug_aranges
                0x0000000000000560      0x100 ./Drivers/STM32F4xx_HAL_Driver/stm32f4xx_hal_dma2d.o
 .debug_aranges
                0x0000000000000660      0x150 ./Drivers/STM32F4xx_HAL_Driver/stm32f4xx_hal_dsi.o
 .debug_aranges
                0x00000000000007b0       0x58 ./Drivers/STM32F4xx_HAL_Driver/stm32f4xx_hal_gpio.o
 .debug_aranges
                0x0000000000000808      0x138 ./Drivers/STM32F4xx_HAL_Driver/stm32f4xx_hal_ltdc.o
 .debug_aranges
                0x0000000000000940       0x28 ./Drivers/STM32F4xx_HAL_Driver/stm32f4xx_hal_ltdc_ex.o
 .debug_aranges
                0x0000000000000968       0x60 ./Drivers/STM32F4xx_HAL_Driver/stm32f4xx_hal_pwr_ex.o
 .debug_aranges
                0x00000000000009c8       0x88 ./Drivers/STM32F4xx_HAL_Driver/stm32f4xx_hal_rcc.o
 .debug_aranges
                0x0000000000000a50       0x70 ./Drivers/STM32F4xx_HAL_Driver/stm32f4xx_hal_rcc_ex.o
 .debug_aranges
                0x0000000000000ac0       0xc8 ./Drivers/STM32F4xx_HAL_Driver/stm32f4xx_hal_sdram.o
 .debug_aranges
                0x0000000000000b88       0xc8 ./Drivers/STM32F4xx_HAL_Driver/stm32f4xx_ll_fmc.o
 .debug_aranges
                0x0000000000000c50       0x28 ./Example/SW4STM32/startup_stm32f469xx.o
 .debug_aranges
                0x0000000000000c78       0x20 ./Example/User/main.o
 .debug_aranges
                0x0000000000000c98       0x50 ./Example/User/stm32f4xx_it.o

.debug_ranges   0x0000000000000000     0x1230
 .debug_ranges  0x0000000000000000       0x18 ./Drivers/BSP/Components/nt35510.o
 .debug_ranges  0x0000000000000018      0x280 ./Drivers/BSP/STM32469I-Discovery/stm32469i_discovery.o
 .debug_ranges  0x0000000000000298      0x320 ./Drivers/BSP/STM32469I-Discovery/stm32469i_discovery_lcd.o
 .debug_ranges  0x00000000000005b8       0xa8 ./Drivers/BSP/STM32469I-Discovery/stm32469i_discovery_sdram.o
 .debug_ranges  0x0000000000000660       0x18 ./Drivers/CMSIS/system_stm32f4xx.o
 .debug_ranges  0x0000000000000678       0xe8 ./Drivers/STM32F4xx_HAL_Driver/stm32f4xx_hal.o
 .debug_ranges  0x0000000000000760      0x150 ./Drivers/STM32F4xx_HAL_Driver/stm32f4xx_hal_cortex.o
 .debug_ranges  0x00000000000008b0       0xc8 ./Drivers/STM32F4xx_HAL_Driver/stm32f4xx_hal_dma.o
 .debug_ranges  0x0000000000000978       0xf0 ./Drivers/STM32F4xx_HAL_Driver/stm32f4xx_hal_dma2d.o
 .debug_ranges  0x0000000000000a68      0x1e8 ./Drivers/STM32F4xx_HAL_Driver/stm32f4xx_hal_dsi.o
 .debug_ranges  0x0000000000000c50       0x68 ./Drivers/STM32F4xx_HAL_Driver/stm32f4xx_hal_gpio.o
 .debug_ranges  0x0000000000000cb8      0x128 ./Drivers/STM32F4xx_HAL_Driver/stm32f4xx_hal_ltdc.o
 .debug_ranges  0x0000000000000de0       0x18 ./Drivers/STM32F4xx_HAL_Driver/stm32f4xx_hal_ltdc_ex.o
 .debug_ranges  0x0000000000000df8       0xe0 ./Drivers/STM32F4xx_HAL_Driver/stm32f4xx_hal_pwr_ex.o
 .debug_ranges  0x0000000000000ed8       0xb0 ./Drivers/STM32F4xx_HAL_Driver/stm32f4xx_hal_rcc.o
 .debug_ranges  0x0000000000000f88       0x78 ./Drivers/STM32F4xx_HAL_Driver/stm32f4xx_hal_rcc_ex.o
 .debug_ranges  0x0000000000001000       0xb8 ./Drivers/STM32F4xx_HAL_Driver/stm32f4xx_hal_sdram.o
 .debug_ranges  0x00000000000010b8       0xb8 ./Drivers/STM32F4xx_HAL_Driver/stm32f4xx_ll_fmc.o
 .debug_ranges  0x0000000000001170       0x20 ./Example/SW4STM32/startup_stm32f469xx.o
 .debug_ranges  0x0000000000001190       0x60 ./Example/User/main.o
 .debug_ranges  0x00000000000011f0       0x40 ./Example/User/stm32f4xx_it.o

.debug_macro    0x0000000000000000    0x2c19f
 .debug_macro   0x0000000000000000      0x1df ./Drivers/BSP/Components/nt35510.o
 .debug_macro   0x00000000000001df      0xa7e ./Drivers/BSP/Components/nt35510.o
 .debug_macro   0x0000000000000c5d       0x22 ./Drivers/BSP/Components/nt35510.o
 .debug_macro   0x0000000000000c7f       0x8e ./Drivers/BSP/Components/nt35510.o
 .debug_macro   0x0000000000000d0d       0x51 ./Drivers/BSP/Components/nt35510.o
 .debug_macro   0x0000000000000d5e      0x103 ./Drivers/BSP/Components/nt35510.o
 .debug_macro   0x0000000000000e61       0x6a ./Drivers/BSP/Components/nt35510.o
 .debug_macro   0x0000000000000ecb      0x1df ./Drivers/BSP/Components/nt35510.o
 .debug_macro   0x00000000000010aa      0x2c1 ./Drivers/BSP/Components/nt35510.o
 .debug_macro   0x000000000000136b       0x52 ./Drivers/BSP/Components/nt35510.o
 .debug_macro   0x00000000000013bd       0x1e ./Drivers/BSP/Components/nt35510.o
 .debug_macro   0x00000000000013db       0x3c ./Drivers/BSP/Components/nt35510.o
 .debug_macro   0x0000000000001417       0x34 ./Drivers/BSP/Components/nt35510.o
 .debug_macro   0x000000000000144b       0x16 ./Drivers/BSP/Components/nt35510.o
 .debug_macro   0x0000000000001461       0x97 ./Drivers/BSP/Components/nt35510.o
 .debug_macro   0x00000000000014f8      0x341 ./Drivers/BSP/Components/nt35510.o
 .debug_macro   0x0000000000001839       0xfd ./Drivers/BSP/Components/nt35510.o
 .debug_macro   0x0000000000001936       0x10 ./Drivers/BSP/Components/nt35510.o
 .debug_macro   0x0000000000001946       0x16 ./Drivers/BSP/Components/nt35510.o
 .debug_macro   0x000000000000195c       0x43 ./Drivers/BSP/Components/nt35510.o
 .debug_macro   0x000000000000199f       0x34 ./Drivers/BSP/Components/nt35510.o
 .debug_macro   0x00000000000019d3       0x10 ./Drivers/BSP/Components/nt35510.o
 .debug_macro   0x00000000000019e3       0x58 ./Drivers/BSP/Components/nt35510.o
 .debug_macro   0x0000000000001a3b       0x71 ./Drivers/BSP/Components/nt35510.o
 .debug_macro   0x0000000000001aac       0x1c ./Drivers/BSP/Components/nt35510.o
 .debug_macro   0x0000000000001ac8      0x12a ./Drivers/BSP/Components/nt35510.o
 .debug_macro   0x0000000000001bf2       0x10 ./Drivers/BSP/Components/nt35510.o
 .debug_macro   0x0000000000001c02       0x1c ./Drivers/BSP/Components/nt35510.o
 .debug_macro   0x0000000000001c1e       0x52 ./Drivers/BSP/Components/nt35510.o
 .debug_macro   0x0000000000001c70       0x22 ./Drivers/BSP/Components/nt35510.o
 .debug_macro   0x0000000000001c92       0x10 ./Drivers/BSP/Components/nt35510.o
 .debug_macro   0x0000000000001ca2       0x52 ./Drivers/BSP/Components/nt35510.o
 .debug_macro   0x0000000000001cf4       0xd5 ./Drivers/BSP/Components/nt35510.o
 .debug_macro   0x0000000000001dc9       0x1c ./Drivers/BSP/Components/nt35510.o
 .debug_macro   0x0000000000001de5       0x3d ./Drivers/BSP/Components/nt35510.o
 .debug_macro   0x0000000000001e22       0x16 ./Drivers/BSP/Components/nt35510.o
 .debug_macro   0x0000000000001e38      0x145 ./Drivers/BSP/Components/nt35510.o
 .debug_macro   0x0000000000001f7d       0x4c ./Drivers/BSP/Components/nt35510.o
 .debug_macro   0x0000000000001fc9      0x257 ./Drivers/BSP/STM32469I-Discovery/stm32469i_discovery.o
 .debug_macro   0x0000000000002220      0x1ca ./Drivers/BSP/STM32469I-Discovery/stm32469i_discovery.o
 .debug_macro   0x00000000000023ea       0x2e ./Drivers/BSP/STM32469I-Discovery/stm32469i_discovery.o
 .debug_macro   0x0000000000002418       0x28 ./Drivers/BSP/STM32469I-Discovery/stm32469i_discovery.o
 .debug_macro   0x0000000000002440       0x1c ./Drivers/BSP/STM32469I-Discovery/stm32469i_discovery.o
 .debug_macro   0x000000000000245c       0x22 ./Drivers/BSP/STM32469I-Discovery/stm32469i_discovery.o
 .debug_macro   0x000000000000247e       0xd9 ./Drivers/BSP/STM32469I-Discovery/stm32469i_discovery.o
 .debug_macro   0x0000000000002557     0x102d ./Drivers/BSP/STM32469I-Discovery/stm32469i_discovery.o
 .debug_macro   0x0000000000003584      0x11f ./Drivers/BSP/STM32469I-Discovery/stm32469i_discovery.o
 .debug_macro   0x00000000000036a3    0x1d755 ./Drivers/BSP/STM32469I-Discovery/stm32469i_discovery.o
 .debug_macro   0x0000000000020df8       0x6d ./Drivers/BSP/STM32469I-Discovery/stm32469i_discovery.o
 .debug_macro   0x0000000000020e65     0x36f5 ./Drivers/BSP/STM32469I-Discovery/stm32469i_discovery.o
 .debug_macro   0x000000000002455a      0x174 ./Drivers/BSP/STM32469I-Discovery/stm32469i_discovery.o
 .debug_macro   0x00000000000246ce       0x5c ./Drivers/BSP/STM32469I-Discovery/stm32469i_discovery.o
 .debug_macro   0x000000000002472a      0xdcb ./Drivers/BSP/STM32469I-Discovery/stm32469i_discovery.o
 .debug_macro   0x00000000000254f5      0x9fe ./Drivers/BSP/STM32469I-Discovery/stm32469i_discovery.o
 .debug_macro   0x0000000000025ef3      0x115 ./Drivers/BSP/STM32469I-Discovery/stm32469i_discovery.o
 .debug_macro   0x0000000000026008      0x192 ./Drivers/BSP/STM32469I-Discovery/stm32469i_discovery.o
 .debug_macro   0x000000000002619a       0xa5 ./Drivers/BSP/STM32469I-Discovery/stm32469i_discovery.o
 .debug_macro   0x000000000002623f      0x287 ./Drivers/BSP/STM32469I-Discovery/stm32469i_discovery.o
 .debug_macro   0x00000000000264c6       0x5f ./Drivers/BSP/STM32469I-Discovery/stm32469i_discovery.o
 .debug_macro   0x0000000000026525      0x236 ./Drivers/BSP/STM32469I-Discovery/stm32469i_discovery.o
 .debug_macro   0x000000000002675b      0x208 ./Drivers/BSP/STM32469I-Discovery/stm32469i_discovery.o
 .debug_macro   0x0000000000026963      0x132 ./Drivers/BSP/STM32469I-Discovery/stm32469i_discovery.o
 .debug_macro   0x0000000000026a95      0x41d ./Drivers/BSP/STM32469I-Discovery/stm32469i_discovery.o
 .debug_macro   0x0000000000026eb2       0x2e ./Drivers/BSP/STM32469I-Discovery/stm32469i_discovery.o
 .debug_macro   0x0000000000026ee0      0x51d ./Drivers/BSP/STM32469I-Discovery/stm32469i_discovery.o
 .debug_macro   0x00000000000273fd       0x11 ./Drivers/BSP/STM32469I-Discovery/stm32469i_discovery.o
 .debug_macro   0x000000000002740e      0x1b5 ./Drivers/BSP/STM32469I-Discovery/stm32469i_discovery.o
 .debug_macro   0x00000000000275c3       0x22 ./Drivers/BSP/STM32469I-Discovery/stm32469i_discovery.o
 .debug_macro   0x00000000000275e5       0xd6 ./Drivers/BSP/STM32469I-Discovery/stm32469i_discovery.o
 .debug_macro   0x00000000000276bb      0x198 ./Drivers/BSP/STM32469I-Discovery/stm32469i_discovery.o
 .debug_macro   0x0000000000027853      0x6fc ./Drivers/BSP/STM32469I-Discovery/stm32469i_discovery.o
 .debug_macro   0x0000000000027f4f       0xd6 ./Drivers/BSP/STM32469I-Discovery/stm32469i_discovery.o
 .debug_macro   0x0000000000028025      0x11a ./Drivers/BSP/STM32469I-Discovery/stm32469i_discovery.o
 .debug_macro   0x000000000002813f       0xe2 ./Drivers/BSP/STM32469I-Discovery/stm32469i_discovery.o
 .debug_macro   0x0000000000028221       0x89 ./Drivers/BSP/STM32469I-Discovery/stm32469i_discovery.o
 .debug_macro   0x00000000000282aa      0x295 ./Drivers/BSP/STM32469I-Discovery/stm32469i_discovery.o
 .debug_macro   0x000000000002853f      0x2d4 ./Drivers/BSP/STM32469I-Discovery/stm32469i_discovery.o
 .debug_macro   0x0000000000028813      0x134 ./Drivers/BSP/STM32469I-Discovery/stm32469i_discovery.o
 .debug_macro   0x0000000000028947      0x22b ./Drivers/BSP/STM32469I-Discovery/stm32469i_discovery.o
 .debug_macro   0x0000000000028b72      0x36a ./Drivers/BSP/STM32469I-Discovery/stm32469i_discovery_lcd.o
 .debug_macro   0x0000000000028edc      0x2c1 ./Drivers/BSP/STM32469I-Discovery/stm32469i_discovery_lcd.o
 .debug_macro   0x000000000002919d       0x56 ./Drivers/BSP/STM32469I-Discovery/stm32469i_discovery_lcd.o
 .debug_macro   0x00000000000291f3       0x9a ./Drivers/BSP/STM32469I-Discovery/stm32469i_discovery_lcd.o
 .debug_macro   0x000000000002928d      0x231 ./Drivers/BSP/STM32469I-Discovery/stm32469i_discovery_lcd.o
 .debug_macro   0x00000000000294be       0x10 ./Drivers/BSP/STM32469I-Discovery/stm32469i_discovery_lcd.o
 .debug_macro   0x00000000000294ce       0x10 ./Drivers/BSP/STM32469I-Discovery/stm32469i_discovery_lcd.o
 .debug_macro   0x00000000000294de       0x35 ./Drivers/BSP/STM32469I-Discovery/stm32469i_discovery_lcd.o
 .debug_macro   0x0000000000029513       0x20 ./Drivers/BSP/STM32469I-Discovery/stm32469i_discovery_lcd.o
 .debug_macro   0x0000000000029533      0x10b ./Drivers/BSP/STM32469I-Discovery/stm32469i_discovery_lcd.o
 .debug_macro   0x000000000002963e      0x239 ./Drivers/BSP/STM32469I-Discovery/stm32469i_discovery_sdram.o
 .debug_macro   0x0000000000029877      0x230 ./Drivers/CMSIS/system_stm32f4xx.o
 .debug_macro   0x0000000000029aa7      0x28a ./Drivers/STM32F4xx_HAL_Driver/stm32f4xx_hal.o
 .debug_macro   0x0000000000029d31      0x22a ./Drivers/STM32F4xx_HAL_Driver/stm32f4xx_hal_cortex.o
 .debug_macro   0x0000000000029f5b      0x230 ./Drivers/STM32F4xx_HAL_Driver/stm32f4xx_hal_dma.o
 .debug_macro   0x000000000002a18b      0x239 ./Drivers/STM32F4xx_HAL_Driver/stm32f4xx_hal_dma2d.o
 .debug_macro   0x000000000002a3c4      0x278 ./Drivers/STM32F4xx_HAL_Driver/stm32f4xx_hal_dsi.o
 .debug_macro   0x000000000002a63c      0x230 ./Drivers/STM32F4xx_HAL_Driver/stm32f4xx_hal_gpio.o
 .debug_macro   0x000000000002a86c      0x232 ./Drivers/STM32F4xx_HAL_Driver/stm32f4xx_hal_ltdc.o
 .debug_macro   0x000000000002aa9e      0x22a ./Drivers/STM32F4xx_HAL_Driver/stm32f4xx_hal_ltdc_ex.o
 .debug_macro   0x000000000002acc8      0x242 ./Drivers/STM32F4xx_HAL_Driver/stm32f4xx_hal_pwr_ex.o
 .debug_macro   0x000000000002af0a      0x24e ./Drivers/STM32F4xx_HAL_Driver/stm32f4xx_hal_rcc.o
 .debug_macro   0x000000000002b158      0x22a ./Drivers/STM32F4xx_HAL_Driver/stm32f4xx_hal_rcc_ex.o
 .debug_macro   0x000000000002b382      0x22a ./Drivers/STM32F4xx_HAL_Driver/stm32f4xx_hal_sdram.o
 .debug_macro   0x000000000002b5ac      0x256 ./Drivers/STM32F4xx_HAL_Driver/stm32f4xx_ll_fmc.o
 .debug_macro   0x000000000002b802      0x421 ./Example/User/main.o
 .debug_macro   0x000000000002bc23      0x170 ./Example/User/main.o
 .debug_macro   0x000000000002bd93       0xa0 ./Example/User/main.o
 .debug_macro   0x000000000002be33       0x1c ./Example/User/main.o
 .debug_macro   0x000000000002be4f      0x350 ./Example/User/stm32f4xx_it.o

.debug_line     0x0000000000000000    0x15b4e
 .debug_line    0x0000000000000000      0x7c5 ./Drivers/BSP/Components/nt35510.o
 .debug_line    0x00000000000007c5      0xf46 ./Drivers/BSP/STM32469I-Discovery/stm32469i_discovery.o
 .debug_line    0x000000000000170b     0x1f11 ./Drivers/BSP/STM32469I-Discovery/stm32469i_discovery_lcd.o
 .debug_line    0x000000000000361c      0xb8f ./Drivers/BSP/STM32469I-Discovery/stm32469i_discovery_sdram.o
 .debug_line    0x00000000000041ab      0x8d5 ./Drivers/CMSIS/system_stm32f4xx.o
 .debug_line    0x0000000000004a80      0xbab ./Drivers/STM32F4xx_HAL_Driver/stm32f4xx_hal.o
 .debug_line    0x000000000000562b      0xddc ./Drivers/STM32F4xx_HAL_Driver/stm32f4xx_hal_cortex.o
 .debug_line    0x0000000000006407     0x1349 ./Drivers/STM32F4xx_HAL_Driver/stm32f4xx_hal_dma.o
 .debug_line    0x0000000000007750     0x182f ./Drivers/STM32F4xx_HAL_Driver/stm32f4xx_hal_dma2d.o
 .debug_line    0x0000000000008f7f     0x2b79 ./Drivers/STM32F4xx_HAL_Driver/stm32f4xx_hal_dsi.o
 .debug_line    0x000000000000baf8      0xd94 ./Drivers/STM32F4xx_HAL_Driver/stm32f4xx_hal_gpio.o
 .debug_line    0x000000000000c88c     0x1f54 ./Drivers/STM32F4xx_HAL_Driver/stm32f4xx_hal_ltdc.o
 .debug_line    0x000000000000e7e0      0x8b6 ./Drivers/STM32F4xx_HAL_Driver/stm32f4xx_hal_ltdc_ex.o
 .debug_line    0x000000000000f096      0xb65 ./Drivers/STM32F4xx_HAL_Driver/stm32f4xx_hal_pwr_ex.o
 .debug_line    0x000000000000fbfb     0x10f7 ./Drivers/STM32F4xx_HAL_Driver/stm32f4xx_hal_rcc.o
 .debug_line    0x0000000000010cf2     0x14eb ./Drivers/STM32F4xx_HAL_Driver/stm32f4xx_hal_rcc_ex.o
 .debug_line    0x00000000000121dd     0x129f ./Drivers/STM32F4xx_HAL_Driver/stm32f4xx_hal_sdram.o
 .debug_line    0x000000000001347c      0xd12 ./Drivers/STM32F4xx_HAL_Driver/stm32f4xx_ll_fmc.o
 .debug_line    0x000000000001418e       0xd8 ./Example/SW4STM32/startup_stm32f469xx.o
 .debug_line    0x0000000000014266      0xd59 ./Example/User/main.o
 .debug_line    0x0000000000014fbf      0xb8f ./Example/User/stm32f4xx_it.o

.debug_str      0x0000000000000000    0xfff40
 .debug_str     0x0000000000000000     0x8aa8 ./Drivers/BSP/Components/nt35510.o
                                       0x8cc9 (size before relaxing)
 .debug_str     0x0000000000008aa8    0xf112a ./Drivers/BSP/STM32469I-Discovery/stm32469i_discovery.o
                                      0xf52f2 (size before relaxing)
 .debug_str     0x00000000000f9bd2     0x26ae ./Drivers/BSP/STM32469I-Discovery/stm32469i_discovery_lcd.o
                                      0xfa98f (size before relaxing)
 .debug_str     0x00000000000fc280      0x4eb ./Drivers/BSP/STM32469I-Discovery/stm32469i_discovery_sdram.o
                                      0xf468d (size before relaxing)
 .debug_str     0x00000000000fc76b      0x144 ./Drivers/CMSIS/system_stm32f4xx.o
                                      0xf3564 (size before relaxing)
 .debug_str     0x00000000000fc8af      0x6c2 ./Drivers/STM32F4xx_HAL_Driver/stm32f4xx_hal.o
                                      0xf418d (size before relaxing)
 .debug_str     0x00000000000fcf71      0x375 ./Drivers/STM32F4xx_HAL_Driver/stm32f4xx_hal_cortex.o
                                      0xf3e72 (size before relaxing)
 .debug_str     0x00000000000fd2e6      0x342 ./Drivers/STM32F4xx_HAL_Driver/stm32f4xx_hal_dma.o
                                      0xf395b (size before relaxing)
 .debug_str     0x00000000000fd628      0x3d2 ./Drivers/STM32F4xx_HAL_Driver/stm32f4xx_hal_dma2d.o
                                      0xf3b30 (size before relaxing)
 .debug_str     0x00000000000fd9fa      0xa04 ./Drivers/STM32F4xx_HAL_Driver/stm32f4xx_hal_dsi.o
                                      0xf450a (size before relaxing)
 .debug_str     0x00000000000fe3fe      0x156 ./Drivers/STM32F4xx_HAL_Driver/stm32f4xx_hal_gpio.o
                                      0xf36cf (size before relaxing)
 .debug_str     0x00000000000fe554      0x3e1 ./Drivers/STM32F4xx_HAL_Driver/stm32f4xx_hal_ltdc.o
                                      0xf3bb8 (size before relaxing)
 .debug_str     0x00000000000fe935       0x95 ./Drivers/STM32F4xx_HAL_Driver/stm32f4xx_hal_ltdc_ex.o
                                      0xf3960 (size before relaxing)
 .debug_str     0x00000000000fe9ca      0x19a ./Drivers/STM32F4xx_HAL_Driver/stm32f4xx_hal_pwr_ex.o
                                      0xf372c (size before relaxing)
 .debug_str     0x00000000000feb64      0x3e1 ./Drivers/STM32F4xx_HAL_Driver/stm32f4xx_hal_rcc.o
                                      0xf399e (size before relaxing)
 .debug_str     0x00000000000fef45      0x1b4 ./Drivers/STM32F4xx_HAL_Driver/stm32f4xx_hal_rcc_ex.o
                                      0xf38a9 (size before relaxing)
 .debug_str     0x00000000000ff0f9      0x36b ./Drivers/STM32F4xx_HAL_Driver/stm32f4xx_hal_sdram.o
                                      0xf3c74 (size before relaxing)
 .debug_str     0x00000000000ff464      0x7c6 ./Drivers/STM32F4xx_HAL_Driver/stm32f4xx_ll_fmc.o
                                      0xf3e40 (size before relaxing)
 .debug_str     0x00000000000ffc2a       0x89 ./Example/SW4STM32/startup_stm32f469xx.o
                                        0x113 (size before relaxing)
 .debug_str     0x00000000000ffcb3      0x17c ./Example/User/main.o
                                      0xfa32c (size before relaxing)
 .debug_str     0x00000000000ffe2f      0x111 ./Example/User/stm32f4xx_it.o
                                      0xf8f86 (size before relaxing)

.comment        0x0000000000000000       0x50
 .comment       0x0000000000000000       0x50 ./Drivers/BSP/Components/nt35510.o
                                         0x51 (size before relaxing)
 .comment       0x0000000000000050       0x51 ./Drivers/BSP/STM32469I-Discovery/stm32469i_discovery.o
 .comment       0x0000000000000050       0x51 ./Drivers/BSP/STM32469I-Discovery/stm32469i_discovery_lcd.o
 .comment       0x0000000000000050       0x51 ./Drivers/BSP/STM32469I-Discovery/stm32469i_discovery_sdram.o
 .comment       0x0000000000000050       0x51 ./Drivers/CMSIS/system_stm32f4xx.o
 .comment       0x0000000000000050       0x51 ./Drivers/STM32F4xx_HAL_Driver/stm32f4xx_hal.o
 .comment       0x0000000000000050       0x51 ./Drivers/STM32F4xx_HAL_Driver/stm32f4xx_hal_cortex.o
 .comment       0x0000000000000050       0x51 ./Drivers/STM32F4xx_HAL_Driver/stm32f4xx_hal_dma.o
 .comment       0x0000000000000050       0x51 ./Drivers/STM32F4xx_HAL_Driver/stm32f4xx_hal_dma2d.o
 .comment       0x0000000000000050       0x51 ./Drivers/STM32F4xx_HAL_Driver/stm32f4xx_hal_dsi.o
 .comment       0x0000000000000050       0x51 ./Drivers/STM32F4xx_HAL_Driver/stm32f4xx_hal_gpio.o
 .comment       0x0000000000000050       0x51 ./Drivers/STM32F4xx_HAL_Driver/stm32f4xx_hal_ltdc.o
 .comment       0x0000000000000050       0x51 ./Drivers/STM32F4xx_HAL_Driver/stm32f4xx_hal_ltdc_ex.o
 .comment       0x0000000000000050       0x51 ./Drivers/STM32F4xx_HAL_Driver/stm32f4xx_hal_pwr_ex.o
 .comment       0x0000000000000050       0x51 ./Drivers/STM32F4xx_HAL_Driver/stm32f4xx_hal_rcc.o
 .comment       0x0000000000000050       0x51 ./Drivers/STM32F4xx_HAL_Driver/stm32f4xx_hal_rcc_ex.o
 .comment       0x0000000000000050       0x51 ./Drivers/STM32F4xx_HAL_Driver/stm32f4xx_hal_sdram.o
 .comment       0x0000000000000050       0x51 ./Drivers/STM32F4xx_HAL_Driver/stm32f4xx_ll_fmc.o
 .comment       0x0000000000000050       0x51 ./Example/User/main.o
 .comment       0x0000000000000050       0x51 ./Example/User/stm32f4xx_it.o

.debug_frame    0x0000000000000000     0x2450
 .debug_frame   0x0000000000000000       0x50 ./Drivers/BSP/Components/nt35510.o
 .debug_frame   0x0000000000000050      0x2d8 ./Drivers/BSP/STM32469I-Discovery/stm32469i_discovery.o
 .debug_frame   0x0000000000000328      0x5e4 ./Drivers/BSP/STM32469I-Discovery/stm32469i_discovery_lcd.o
 .debug_frame   0x000000000000090c      0x140 ./Drivers/BSP/STM32469I-Discovery/stm32469i_discovery_sdram.o
 .debug_frame   0x0000000000000a4c       0x30 ./Drivers/CMSIS/system_stm32f4xx.o
 .debug_frame   0x0000000000000a7c      0x214 ./Drivers/STM32F4xx_HAL_Driver/stm32f4xx_hal.o
 .debug_frame   0x0000000000000c90      0x158 ./Drivers/STM32F4xx_HAL_Driver/stm32f4xx_hal_cortex.o
 .debug_frame   0x0000000000000de8      0x16c ./Drivers/STM32F4xx_HAL_Driver/stm32f4xx_hal_dma.o
 .debug_frame   0x0000000000000f54      0x32c ./Drivers/STM32F4xx_HAL_Driver/stm32f4xx_hal_dma2d.o
 .debug_frame   0x0000000000001280      0x3f0 ./Drivers/STM32F4xx_HAL_Driver/stm32f4xx_hal_dsi.o
 .debug_frame   0x0000000000001670       0xd4 ./Drivers/STM32F4xx_HAL_Driver/stm32f4xx_hal_gpio.o
 .debug_frame   0x0000000000001744      0x3a0 ./Drivers/STM32F4xx_HAL_Driver/stm32f4xx_hal_ltdc.o
 .debug_frame   0x0000000000001ae4       0x30 ./Drivers/STM32F4xx_HAL_Driver/stm32f4xx_hal_ltdc_ex.o
 .debug_frame   0x0000000000001b14       0xfc ./Drivers/STM32F4xx_HAL_Driver/stm32f4xx_hal_pwr_ex.o
 .debug_frame   0x0000000000001c10      0x13c ./Drivers/STM32F4xx_HAL_Driver/stm32f4xx_hal_rcc.o
 .debug_frame   0x0000000000001d4c      0x128 ./Drivers/STM32F4xx_HAL_Driver/stm32f4xx_hal_rcc_ex.o
 .debug_frame   0x0000000000001e74      0x280 ./Drivers/STM32F4xx_HAL_Driver/stm32f4xx_hal_sdram.o
 .debug_frame   0x00000000000020f4      0x1ec ./Drivers/STM32F4xx_HAL_Driver/stm32f4xx_ll_fmc.o
 .debug_frame   0x00000000000022e0       0x34 ./Example/User/main.o
 .debug_frame   0x0000000000002314       0xb0 ./Example/User/stm32f4xx_it.o
 .debug_frame   0x00000000000023c4       0x2c /Applications/STM32CubeIDE.app/Contents/Eclipse/plugins/com.st.stm32cube.ide.mcu.externaltools.gnu-tools-for-stm32.10.3-2021.10.macos64_1.0.0.202111181127/tools/bin/../lib/gcc/arm-none-eabi/10.3.1/../../../../arm-none-eabi/lib/thumb/v7e-m+fp/hard/libc_nano.a(lib_a-init.o)
 .debug_frame   0x00000000000023f0       0x2c /Applications/STM32CubeIDE.app/Contents/Eclipse/plugins/com.st.stm32cube.ide.mcu.externaltools.gnu-tools-for-stm32.10.3-2021.10.macos64_1.0.0.202111181127/tools/bin/../lib/gcc/arm-none-eabi/10.3.1/thumb/v7e-m+fp/hard/libgcc.a(_aeabi_uldivmod.o)
 .debug_frame   0x000000000000241c       0x34 /Applications/STM32CubeIDE.app/Contents/Eclipse/plugins/com.st.stm32cube.ide.mcu.externaltools.gnu-tools-for-stm32.10.3-2021.10.macos64_1.0.0.202111181127/tools/bin/../lib/gcc/arm-none-eabi/10.3.1/thumb/v7e-m+fp/hard/libgcc.a(_udivmoddi4.o)
